Component: ARM Compiler 6.16 Tool: armlink [5dfeaa00]

==============================================================================

Section Cross References

    main.o(MainCode) refers to init_sram.o(Init_SRAM_Code) for INIT_SRAM
    main.o(MainCode) refers to init_gpio_a.o(INIT_GPIOA_CODE) for INIT_GPIOA
    main.o(MainCode) refers to init_gpio_b.o(INIT_GPIOB_CODE) for INIT_GPIOB
    main.o(MainCode) refers to init_gpio_d.o(INIT_GPIOD_CODE) for INIT_GPIOD
    main.o(MainCode) refers to init_gpio_e.o(INIT_GPIOE_CODE) for INIT_GPIOE
    main.o(MainCode) refers to init_gpio_f.o(INIT_GPIOF_CODE) for INIT_GPIOF
    main.o(MainCode) refers to init_adc0.o(INIT_ADC0_CODE) for INIT_ADC0
    main.o(MainCode) refers to init_timer0.o(INIT_TIMER0_CODE) for INIT_TIMER0
    main.o(MainCode) refers to init_spi3.o(INIT_SPI3_CODE) for INIT_SPI3
    main.o(MainCode) refers to init_systick.o(INIT_SysTick_Code) for INIT_SysTick
    main.o(MainCode) refers to init_nokia5110.o(INIT_Nokia5110_CODE) for INIT_Nokia5110
    main.o(MainCode) refers to handle_keypad.o(Handle_KeyPad_CODE) for Handle_KeyPad
    main.o(MainCode) refers to handle_switches.o(Handle_Switches_CODE) for Handle_Switches
    main.o(MainCode) refers to handle_adc0ss3_dsp.o(Handle_ADC0SS3_DSP_CODE) for Handle_ADC0SS3_DSP
    main.o(MainCode) refers to update_screen.o(UPDATE_SCREEN_CODE) for UPDATE_SCREEN
    handle_keypad.o(Handle_KeyPad_CODE) refers to debounce_k.o(DEBOUNCE_K_CODE) for DEBOUNCE_K
    handle_keypad.o(Handle_KeyPad_CODE) refers to printkey.o(PRINT_KEY_CODE) for PRINT_KEY
    handle_keypad.o(Handle_KeyPad_CODE) refers to handle_keypad.o(KeyPad_Data) for COLM_CNTR
    handle_switches.o(Handle_Switches_CODE) refers to update_flags.o(UPDATE_FLAGS_Code) for UPDATE_FLAGS
    handle_adc0ss3_dsp.o(Handle_ADC0SS3_DSP_CODE) refers to transformfunctions.o(.text.arm_cfft_q15) for arm_cfft_q15
    handle_adc0ss3_dsp.o(Handle_ADC0SS3_DSP_CODE) refers to complexmathfunctions.o(.text.arm_cmplx_mag_squared_q15) for arm_cmplx_mag_squared_q15
    handle_adc0ss3_dsp.o(Handle_ADC0SS3_DSP_CODE) refers to statisticsfunctions.o(.text.arm_max_q15) for arm_max_q15
    handle_adc0ss3_dsp.o(Handle_ADC0SS3_DSP_CODE) refers to digitextractor.o(DigitExtractorArea) for DigitExtractor
    handle_adc0ss3_dsp.o(Handle_ADC0SS3_DSP_CODE) refers to adc0seq3_handler.o(ADC0SS3_SAMPLE_DATA) for ADC0SS3_DT_RDY_F
    handle_adc0ss3_dsp.o(Handle_ADC0SS3_DSP_CODE) refers to commontables.o(.rodata.arm_cfft_sR_q15_len256) for arm_cfft_sR_q15_len256
    handle_adc0ss3_dsp.o(Handle_ADC0SS3_DSP_CODE) refers to print_adc0ss3data.o(Print_ADC0SS3Data_VARS) for NMBR
    handle_adc0ss3_dsp.o(Handle_ADC0SS3_DSP_CODE) refers to screenmemory.o(SCREEN_MEM) for SCREEN_DATA
    startup.o(STACK) refers (Special) to heapauxi.o(.text) for __use_two_region_memory
    startup.o(HEAP) refers (Special) to heapauxi.o(.text) for __use_two_region_memory
    startup.o(RESET) refers (Special) to heapauxi.o(.text) for __use_two_region_memory
    startup.o(RESET) refers to startup.o(STACK) for StackMem
    startup.o(RESET) refers to systick_handler.o(SysTickHandlerCode) for SysTick_Handler
    startup.o(RESET) refers to adc0seq0_handler.o(ADC0Seq0_Handler_Code) for ADC0Seq0_Handler
    startup.o(RESET) refers to adc0seq3_handler.o(ADC0Seq3_Handler_Code) for ADC0Seq3_Handler
    startup.o(RESET) refers to timer0a_handler.o(Timer0A_Handler_Code) for Timer0A_Handler
    startup.o(RESET) refers to main.o(MainCode) for __main
    startup.o(.text) refers (Special) to heapauxi.o(.text) for __use_two_region_memory
    startup.o(.text) refers to startup.o(HEAP) for HeapMem
    startup.o(.text) refers to startup.o(STACK) for StackMem
    update_flags.o(UPDATE_FLAGS_Code) refers to main.o(CNTRL_FLAGS) for FLAGS
    printkey.o(PRINT_KEY_CODE) refers to outstr.o(.text) for OutStr
    printkey.o(PRINT_KEY_CODE) refers to outchar.o(.text) for OutChar
    printkey.o(PRINT_KEY_CODE) refers to input_thresh.o(INPUT_THRESH_CODE) for INPUT_THRESH
    printkey.o(PRINT_KEY_CODE) refers to printkey.o(PRINT_KEY_DATA) for KeyPattern
    printkey.o(PRINT_KEY_CODE) refers to printkey.o(PRINT_KEY_MSGS) for INPUT_THRSH_MSG
    update_screen.o(UPDATE_SCREEN_CODE) refers to set_led_status.o(SET_LED_STS_CODE) for SET_LED_STS
    update_screen.o(UPDATE_SCREEN_CODE) refers to update_led_status.o(UPD_LED_STS_CODE) for UPD_LED_STS
    update_screen.o(UPDATE_SCREEN_CODE) refers to spi3_writebyte.o(SPI3_WRT_BYTE_CODE) for SPI3_WRT_BYTE
    update_screen.o(UPDATE_SCREEN_CODE) refers to update_screen.o(UPDATE_SCREEN_DATA) for UPDATE_SCRN_F
    update_screen.o(UPDATE_SCREEN_CODE) refers to screenmemory.o(SCREEN_MEM) for SCREEN_DATA
    update_screen.o(UPDATE_SCREEN_CODE) refers to font6x8.o(FONT6x8_DATA) for FONT6x8
    update_led_status.o(UPD_LED_STS_CODE) refers to screenmemory.o(SCREEN_MEM) for SCREEN_DATA
    set_led_status.o(SET_LED_STS_CODE) refers (Special) to screenmemory.o(SCREEN_MEM) for SCREEN_DATA
[...]
    Removing matrixfunctionsf16.o(.ARM.exidx.text.arm_mat_init_f16), (8 bytes).
    Removing matrixfunctionsf16.o(.text.arm_mat_cholesky_f16), (324 bytes).
    Removing matrixfunctionsf16.o(.ARM.exidx.text.arm_mat_cholesky_f16), (8 bytes).
    Removing matrixfunctionsf16.o(.text.arm_mat_solve_upper_triangular_f16), (254 bytes).
    Removing matrixfunctionsf16.o(.ARM.exidx.text.arm_mat_solve_upper_triangular_f16), (8 bytes).
    Removing matrixfunctionsf16.o(.text.arm_mat_solve_lower_triangular_f16), (230 bytes).
    Removing matrixfunctionsf16.o(.ARM.exidx.text.arm_mat_solve_lower_triangular_f16), (8 bytes).
    Removing quaternionmathfunctions.o(.text), (0 bytes).
    Removing quaternionmathfunctions.o(.text.arm_quaternion_norm_f32), (102 bytes).
    Removing quaternionmathfunctions.o(.ARM.exidx.text.arm_quaternion_norm_f32), (8 bytes).
    Removing quaternionmathfunctions.o(.text.arm_quaternion_inverse_f32), (130 bytes).
    Removing quaternionmathfunctions.o(.ARM.exidx.text.arm_quaternion_inverse_f32), (8 bytes).
    Removing quaternionmathfunctions.o(.text.arm_quaternion_conjugate_f32), (62 bytes).
    Removing quaternionmathfunctions.o(.ARM.exidx.text.arm_quaternion_conjugate_f32), (8 bytes).
    Removing quaternionmathfunctions.o(.text.arm_quaternion_normalize_f32), (152 bytes).
    Removing quaternionmathfunctions.o(.ARM.exidx.text.arm_quaternion_normalize_f32), (8 bytes).
    Removing quaternionmathfunctions.o(.text.arm_quaternion_product_single_f32), (258 bytes).
    Removing quaternionmathfunctions.o(.ARM.exidx.text.arm_quaternion_product_single_f32), (8 bytes).
    Removing quaternionmathfunctions.o(.text.arm_quaternion_product_f32), (42 bytes).
    Removing quaternionmathfunctions.o(.ARM.exidx.text.arm_quaternion_product_f32), (8 bytes).
    Removing quaternionmathfunctions.o(.text.arm_quaternion2rotation_f32), (196 bytes).
    Removing quaternionmathfunctions.o(.ARM.exidx.text.arm_quaternion2rotation_f32), (8 bytes).
    Removing quaternionmathfunctions.o(.text.arm_rotation2quaternion_f32), (744 bytes).
    Removing quaternionmathfunctions.o(.ARM.exidx.text.arm_rotation2quaternion_f32), (8 bytes).
    Removing svmfunctions.o(.text), (0 bytes).
    Removing svmfunctions.o(.text.arm_svm_linear_init_f32), (24 bytes).
    Removing svmfunctions.o(.ARM.exidx.text.arm_svm_linear_init_f32), (8 bytes).
    Removing svmfunctions.o(.text.arm_svm_linear_predict_f32), (144 bytes).
    Removing svmfunctions.o(.ARM.exidx.text.arm_svm_linear_predict_f32), (8 bytes).
    Removing svmfunctions.o(.text.arm_svm_polynomial_init_f32), (40 bytes).
    Removing svmfunctions.o(.ARM.exidx.text.arm_svm_polynomial_init_f32), (8 bytes).
    Removing svmfunctions.o(.text.arm_svm_polynomial_predict_f32), (192 bytes).
    Removing svmfunctions.o(.ARM.exidx.text.arm_svm_polynomial_predict_f32), (8 bytes).
    Removing svmfunctions.o(.text.arm_exponent_f32), (28 bytes).
    Removing svmfunctions.o(.ARM.exidx.text.arm_exponent_f32), (8 bytes).
    Removing svmfunctions.o(.text.arm_svm_rbf_init_f32), (28 bytes).
    Removing svmfunctions.o(.ARM.exidx.text.arm_svm_rbf_init_f32), (8 bytes).
    Removing svmfunctions.o(.text.arm_svm_rbf_predict_f32), (172 bytes).
    Removing svmfunctions.o(.ARM.exidx.text.arm_svm_rbf_predict_f32), (8 bytes).
    Removing svmfunctions.o(.text.arm_svm_sigmoid_init_f32), (32 bytes).
    Removing svmfunctions.o(.ARM.exidx.text.arm_svm_sigmoid_init_f32), (8 bytes).
    Removing svmfunctions.o(.text.arm_svm_sigmoid_predict_f32), (176 bytes).
    Removing svmfunctions.o(.ARM.exidx.text.arm_svm_sigmoid_predict_f32), (8 bytes).
    Removing svmfunctionsf16.o(.text), (0 bytes).
    Removing svmfunctionsf16.o(.text.arm_svm_linear_init_f16), (26 bytes).
    Removing svmfunctionsf16.o(.ARM.exidx.text.arm_svm_linear_init_f16), (8 bytes).
    Removing svmfunctionsf16.o(.text.arm_svm_linear_predict_f16), (192 bytes).
    Removing svmfunctionsf16.o(.ARM.exidx.text.arm_svm_linear_predict_f16), (8 bytes).
    Removing svmfunctionsf16.o(.text.arm_svm_polynomial_init_f16), (44 bytes).
    Removing svmfunctionsf16.o(.ARM.exidx.text.arm_svm_polynomial_init_f16), (8 bytes).
    Removing svmfunctionsf16.o(.text.arm_svm_polynomial_predict_f16), (272 bytes).
    Removing svmfunctionsf16.o(.ARM.exidx.text.arm_svm_polynomial_predict_f16), (8 bytes).
    Removing svmfunctionsf16.o(.text.arm_exponent_f16), (54 bytes).
    Removing svmfunctionsf16.o(.ARM.exidx.text.arm_exponent_f16), (8 bytes).
    Removing svmfunctionsf16.o(.text.arm_svm_rbf_init_f16), (34 bytes).
    Removing svmfunctionsf16.o(.ARM.exidx.text.arm_svm_rbf_init_f16), (8 bytes).
    Removing svmfunctionsf16.o(.text.arm_svm_rbf_predict_f16), (244 bytes).
    Removing svmfunctionsf16.o(.ARM.exidx.text.arm_svm_rbf_predict_f16), (8 bytes).
    Removing svmfunctionsf16.o(.text.arm_svm_sigmoid_init_f16), (40 bytes).
    Removing svmfunctionsf16.o(.ARM.exidx.text.arm_svm_sigmoid_init_f16), (8 bytes).
    Removing svmfunctionsf16.o(.text.arm_svm_sigmoid_predict_f16), (260 bytes).
    Removing svmfunctionsf16.o(.ARM.exidx.text.arm_svm_sigmoid_predict_f16), (8 bytes).
    Removing statisticsfunctions.o(.text), (0 bytes).
    Removing statisticsfunctions.o(.text.arm_entropy_f32), (64 bytes).
    Removing statisticsfunctions.o(.ARM.exidx.text.arm_entropy_f32), (8 bytes).
    Removing statisticsfunctions.o(.text.arm_entropy_f64), (112 bytes).
    Removing statisticsfunctions.o(.ARM.exidx.text.arm_entropy_f64), (8 bytes).
    Removing statisticsfunctions.o(.text.arm_kullback_leibler_f32), (76 bytes).
    Removing statisticsfunctions.o(.ARM.exidx.text.arm_kullback_leibler_f32), (8 bytes).
    Removing statisticsfunctions.o(.text.arm_kullback_leibler_f64), (144 bytes).
    Removing statisticsfunctions.o(.ARM.exidx.text.arm_kullback_leibler_f64), (8 bytes).
    Removing statisticsfunctions.o(.text.arm_logsumexp_dot_prod_f32), (24 bytes).
    Removing statisticsfunctions.o(.ARM.exidx.text.arm_logsumexp_dot_prod_f32), (8 bytes).
    Removing statisticsfunctions.o(.text.arm_logsumexp_f32), (104 bytes).
    Removing statisticsfunctions.o(.ARM.exidx.text.arm_logsumexp_f32), (8 bytes).
    Removing statisticsfunctions.o(.text.arm_max_f32), (66 bytes).
    Removing statisticsfunctions.o(.ARM.exidx.text.arm_max_f32), (8 bytes).
    Removing statisticsfunctions.o(.ARM.exidx.text.arm_max_q15), (8 bytes).
    Removing statisticsfunctions.o(.text.arm_max_q31), (44 bytes).
    Removing statisticsfunctions.o(.ARM.exidx.text.arm_max_q31), (8 bytes).
    Removing statisticsfunctions.o(.text.arm_max_q7), (66 bytes).
    Removing statisticsfunctions.o(.ARM.exidx.text.arm_max_q7), (8 bytes).
    Removing statisticsfunctions.o(.text.arm_max_no_idx_f32), (44 bytes).
    Removing statisticsfunctions.o(.ARM.exidx.text.arm_max_no_idx_f32), (8 bytes).
    Removing statisticsfunctions.o(.text.arm_mean_f32), (56 bytes).
    Removing statisticsfunctions.o(.ARM.exidx.text.arm_mean_f32), (8 bytes).
    Removing statisticsfunctions.o(.text.arm_mean_q15), (36 bytes).
    Removing statisticsfunctions.o(.ARM.exidx.text.arm_mean_q15), (8 bytes).
    Removing statisticsfunctions.o(.text.arm_mean_q31), (48 bytes).
    Removing statisticsfunctions.o(.ARM.exidx.text.arm_mean_q31), (8 bytes).
    Removing statisticsfunctions.o(.text.arm_mean_q7), (36 bytes).
    Removing statisticsfunctions.o(.ARM.exidx.text.arm_mean_q7), (8 bytes).
    Removing statisticsfunctions.o(.text.arm_min_f32), (66 bytes).
    Removing statisticsfunctions.o(.ARM.exidx.text.arm_min_f32), (8 bytes).
    Removing statisticsfunctions.o(.text.arm_min_q15), (48 bytes).
    Removing statisticsfunctions.o(.ARM.exidx.text.arm_min_q15), (8 bytes).
    Removing statisticsfunctions.o(.text.arm_min_q31), (44 bytes).
    Removing statisticsfunctions.o(.ARM.exidx.text.arm_min_q31), (8 bytes).
    Removing statisticsfunctions.o(.text.arm_min_q7), (66 bytes).
    Removing statisticsfunctions.o(.ARM.exidx.text.arm_min_q7), (8 bytes).
    Removing statisticsfunctions.o(.text.arm_power_f32), (36 bytes).
    Removing statisticsfunctions.o(.ARM.exidx.text.arm_power_f32), (8 bytes).
    Removing statisticsfunctions.o(.text.arm_power_q15), (52 bytes).
    Removing statisticsfunctions.o(.ARM.exidx.text.arm_power_q15), (8 bytes).
    Removing statisticsfunctions.o(.text.arm_power_q31), (60 bytes).
    Removing statisticsfunctions.o(.ARM.exidx.text.arm_power_q31), (8 bytes).
    Removing statisticsfunctions.o(.text.arm_power_q7), (30 bytes).
    Removing statisticsfunctions.o(.ARM.exidx.text.arm_power_q7), (8 bytes).
    Removing statisticsfunctions.o(.text.arm_rms_f32), (104 bytes).
    Removing statisticsfunctions.o(.ARM.exidx.text.arm_rms_f32), (8 bytes).
    Removing statisticsfunctions.o(.text.arm_rms_q15), (66 bytes).
    Removing statisticsfunctions.o(.ARM.exidx.text.arm_rms_q15), (8 bytes).
    Removing statisticsfunctions.o(.text.arm_rms_q31), (70 bytes).
    Removing statisticsfunctions.o(.ARM.exidx.text.arm_rms_q31), (8 bytes).
    Removing statisticsfunctions.o(.text.arm_std_f32), (68 bytes).
    Removing statisticsfunctions.o(.ARM.exidx.text.arm_std_f32), (8 bytes).
    Removing statisticsfunctions.o(.text.arm_var_f32), (108 bytes).
    Removing statisticsfunctions.o(.ARM.exidx.text.arm_var_f32), (8 bytes).
    Removing statisticsfunctions.o(.text.arm_std_q15), (98 bytes).
    Removing statisticsfunctions.o(.ARM.exidx.text.arm_std_q15), (8 bytes).
    Removing statisticsfunctions.o(.text.arm_std_q31), (128 bytes).
    Removing statisticsfunctions.o(.ARM.exidx.text.arm_std_q31), (8 bytes).
    Removing statisticsfunctions.o(.text.arm_var_q15), (80 bytes).
    Removing statisticsfunctions.o(.ARM.exidx.text.arm_var_q15), (8 bytes).
    Removing statisticsfunctions.o(.text.arm_var_q31), (118 bytes).
    Removing statisticsfunctions.o(.ARM.exidx.text.arm_var_q31), (8 bytes).
    Removing statisticsfunctions.o(.text.arm_absmax_f32), (74 bytes).
    Removing statisticsfunctions.o(.ARM.exidx.text.arm_absmax_f32), (8 bytes).
    Removing statisticsfunctions.o(.text.arm_absmax_q15), (258 bytes).
    Removing statisticsfunctions.o(.ARM.exidx.text.arm_absmax_q15), (8 bytes).
    Removing statisticsfunctions.o(.text.arm_absmax_q31), (210 bytes).
    Removing statisticsfunctions.o(.ARM.exidx.text.arm_absmax_q31), (8 bytes).
    Removing statisticsfunctions.o(.text.arm_absmax_q7), (258 bytes).
    Removing statisticsfunctions.o(.ARM.exidx.text.arm_absmax_q7), (8 bytes).
    Removing statisticsfunctions.o(.text.arm_absmin_f32), (74 bytes).
    Removing statisticsfunctions.o(.ARM.exidx.text.arm_absmin_f32), (8 bytes).
    Removing statisticsfunctions.o(.text.arm_absmin_q15), (258 bytes).
    Removing statisticsfunctions.o(.ARM.exidx.text.arm_absmin_q15), (8 bytes).
    Removing statisticsfunctions.o(.text.arm_absmin_q31), (210 bytes).
    Removing statisticsfunctions.o(.ARM.exidx.text.arm_absmin_q31), (8 bytes).
    Removing statisticsfunctions.o(.text.arm_absmin_q7), (258 bytes).
    Removing statisticsfunctions.o(.ARM.exidx.text.arm_absmin_q7), (8 bytes).
    Removing statisticsfunctionsf16.o(.text), (0 bytes).
    Removing statisticsfunctionsf16.o(.text.arm_max_f16), (96 bytes).
    Removing statisticsfunctionsf16.o(.ARM.exidx.text.arm_max_f16), (8 bytes).
    Removing statisticsfunctionsf16.o(.text.arm_min_f16), (96 bytes).
    Removing statisticsfunctionsf16.o(.ARM.exidx.text.arm_min_f16), (8 bytes).
    Removing statisticsfunctionsf16.o(.text.arm_mean_f16), (84 bytes).
    Removing statisticsfunctionsf16.o(.ARM.exidx.text.arm_mean_f16), (8 bytes).
    Removing statisticsfunctionsf16.o(.text.arm_power_f16), (56 bytes).
    Removing statisticsfunctionsf16.o(.ARM.exidx.text.arm_power_f16), (8 bytes).
    Removing statisticsfunctionsf16.o(.text.arm_rms_f16), (144 bytes).
    Removing statisticsfunctionsf16.o(.ARM.exidx.text.arm_rms_f16), (8 bytes).
    Removing statisticsfunctionsf16.o(.text.arm_std_f16), (92 bytes).
    Removing statisticsfunctionsf16.o(.ARM.exidx.text.arm_std_f16), (8 bytes).
    Removing statisticsfunctionsf16.o(.text.arm_var_f16), (172 bytes).
    Removing statisticsfunctionsf16.o(.ARM.exidx.text.arm_var_f16), (8 bytes).
    Removing statisticsfunctionsf16.o(.text.arm_entropy_f16), (96 bytes).
    Removing statisticsfunctionsf16.o(.ARM.exidx.text.arm_entropy_f16), (8 bytes).
    Removing statisticsfunctionsf16.o(.text.arm_kullback_leibler_f16), (112 bytes).
    Removing statisticsfunctionsf16.o(.ARM.exidx.text.arm_kullback_leibler_f16), (8 bytes).
    Removing statisticsfunctionsf16.o(.text.arm_logsumexp_dot_prod_f16), (24 bytes).
    Removing statisticsfunctionsf16.o(.ARM.exidx.text.arm_logsumexp_dot_prod_f16), (8 bytes).
    Removing statisticsfunctionsf16.o(.text.arm_logsumexp_f16), (168 bytes).
    Removing statisticsfunctionsf16.o(.ARM.exidx.text.arm_logsumexp_f16), (8 bytes).
    Removing statisticsfunctionsf16.o(.text.arm_max_no_idx_f16), (64 bytes).
    Removing statisticsfunctionsf16.o(.ARM.exidx.text.arm_max_no_idx_f16), (8 bytes).
    Removing statisticsfunctionsf16.o(.text.arm_absmax_f16), (104 bytes).
    Removing statisticsfunctionsf16.o(.ARM.exidx.text.arm_absmax_f16), (8 bytes).
    Removing statisticsfunctionsf16.o(.text.arm_absmin_f16), (104 bytes).
    Removing statisticsfunctionsf16.o(.ARM.exidx.text.arm_absmin_f16), (8 bytes).
    Removing supportfunctions.o(.text), (0 bytes).
    Removing supportfunctions.o(.text.arm_barycenter_f32), (136 bytes).
    Removing supportfunctions.o(.ARM.exidx.text.arm_barycenter_f32), (8 bytes).
    Removing supportfunctions.o(.text.arm_bitonic_sort_f32), (82 bytes).
    Removing supportfunctions.o(.ARM.exidx.text.arm_bitonic_sort_f32), (8 bytes).
    Removing supportfunctions.o(.text.arm_bitonic_sort_core_f32), (168 bytes).
    Removing supportfunctions.o(.ARM.exidx.text.arm_bitonic_sort_core_f32), (8 bytes).
    Removing supportfunctions.o(.text.arm_bubble_sort_f32), (106 bytes).
    Removing supportfunctions.o(.ARM.exidx.text.arm_bubble_sort_f32), (8 bytes).
    Removing supportfunctions.o(.text.arm_copy_f32), (26 bytes).
    Removing supportfunctions.o(.ARM.exidx.text.arm_copy_f32), (8 bytes).
    Removing supportfunctions.o(.text.arm_copy_q15), (26 bytes).
    Removing supportfunctions.o(.ARM.exidx.text.arm_copy_q15), (8 bytes).
    Removing supportfunctions.o(.text.arm_copy_q31), (26 bytes).
    Removing supportfunctions.o(.ARM.exidx.text.arm_copy_q31), (8 bytes).
    Removing supportfunctions.o(.text.arm_copy_q7), (26 bytes).
    Removing supportfunctions.o(.ARM.exidx.text.arm_copy_q7), (8 bytes).
    Removing supportfunctions.o(.text.arm_fill_f32), (20 bytes).
    Removing supportfunctions.o(.ARM.exidx.text.arm_fill_f32), (8 bytes).
    Removing supportfunctions.o(.text.arm_fill_q15), (18 bytes).
    Removing supportfunctions.o(.ARM.exidx.text.arm_fill_q15), (8 bytes).
    Removing supportfunctions.o(.text.arm_fill_q31), (18 bytes).
    Removing supportfunctions.o(.ARM.exidx.text.arm_fill_q31), (8 bytes).
    Removing supportfunctions.o(.text.arm_fill_q7), (26 bytes).
    Removing supportfunctions.o(.ARM.exidx.text.arm_fill_q7), (8 bytes).
    Removing supportfunctions.o(.text.arm_heap_sort_f32), (102 bytes).
    Removing supportfunctions.o(.ARM.exidx.text.arm_heap_sort_f32), (8 bytes).
    Removing supportfunctions.o(.text.arm_heapify), (126 bytes).
    Removing supportfunctions.o(.ARM.exidx.text.arm_heapify), (8 bytes).
    Removing supportfunctions.o(.text.arm_insertion_sort_f32), (102 bytes).
    Removing supportfunctions.o(.ARM.exidx.text.arm_insertion_sort_f32), (8 bytes).
    Removing supportfunctions.o(.text.arm_merge_sort_f32), (64 bytes).
    Removing supportfunctions.o(.ARM.exidx.text.arm_merge_sort_f32), (8 bytes).
    Removing supportfunctions.o(.text.arm_merge_sort_core_f32), (86 bytes).
    Removing supportfunctions.o(.ARM.exidx.text.arm_merge_sort_core_f32), (8 bytes).
    Removing supportfunctions.o(.text.arm_merge_sort_init_f32), (6 bytes).
    Removing supportfunctions.o(.ARM.exidx.text.arm_merge_sort_init_f32), (8 bytes).
    Removing supportfunctions.o(.text.arm_quick_sort_f32), (38 bytes).
    Removing supportfunctions.o(.ARM.exidx.text.arm_quick_sort_f32), (8 bytes).
    Removing supportfunctions.o(.text.arm_quick_sort_core_f32), (56 bytes).
    Removing supportfunctions.o(.ARM.exidx.text.arm_quick_sort_core_f32), (8 bytes).
    Removing supportfunctions.o(.text.arm_selection_sort_f32), (158 bytes).
    Removing supportfunctions.o(.ARM.exidx.text.arm_selection_sort_f32), (8 bytes).
    Removing supportfunctions.o(.text.arm_sort_f32), (60 bytes).
    Removing supportfunctions.o(.ARM.exidx.text.arm_sort_f32), (8 bytes).
    Removing supportfunctions.o(.text.arm_sort_init_f32), (6 bytes).
    Removing supportfunctions.o(.ARM.exidx.text.arm_sort_init_f32), (8 bytes).
    Removing supportfunctions.o(.text.arm_weighted_sum_f32), (64 bytes).
    Removing supportfunctions.o(.ARM.exidx.text.arm_weighted_sum_f32), (8 bytes).
    Removing supportfunctions.o(.text.arm_float_to_q15), (52 bytes).
    Removing supportfunctions.o(.ARM.exidx.text.arm_float_to_q15), (8 bytes).
    Removing supportfunctions.o(.text.arm_float_to_q31), (76 bytes).
    Removing supportfunctions.o(.ARM.exidx.text.arm_float_to_q31), (8 bytes).
    Removing supportfunctions.o(.text.arm_float_to_q7), (52 bytes).
    Removing supportfunctions.o(.ARM.exidx.text.arm_float_to_q7), (8 bytes).
    Removing supportfunctions.o(.text.arm_q15_to_float), (52 bytes).
    Removing supportfunctions.o(.ARM.exidx.text.arm_q15_to_float), (8 bytes).
    Removing supportfunctions.o(.text.arm_q15_to_q31), (30 bytes).
    Removing supportfunctions.o(.ARM.exidx.text.arm_q15_to_q31), (8 bytes).
    Removing supportfunctions.o(.text.arm_q15_to_q7), (26 bytes).
    Removing supportfunctions.o(.ARM.exidx.text.arm_q15_to_q7), (8 bytes).
    Removing supportfunctions.o(.text.arm_q31_to_float), (52 bytes).
    Removing supportfunctions.o(.ARM.exidx.text.arm_q31_to_float), (8 bytes).
    Removing supportfunctions.o(.text.arm_q31_to_q15), (26 bytes).
    Removing supportfunctions.o(.ARM.exidx.text.arm_q31_to_q15), (8 bytes).
    Removing supportfunctions.o(.text.arm_q31_to_q7), (26 bytes).
    Removing supportfunctions.o(.ARM.exidx.text.arm_q31_to_q7), (8 bytes).
    Removing supportfunctions.o(.text.arm_q7_to_float), (52 bytes).
    Removing supportfunctions.o(.ARM.exidx.text.arm_q7_to_float), (8 bytes).
    Removing supportfunctions.o(.text.arm_q7_to_q15), (30 bytes).
    Removing supportfunctions.o(.ARM.exidx.text.arm_q7_to_q15), (8 bytes).
    Removing supportfunctions.o(.text.arm_q7_to_q31), (30 bytes).
    Removing supportfunctions.o(.ARM.exidx.text.arm_q7_to_q31), (8 bytes).
    Removing supportfunctions.o(.text.topDownMerge), (96 bytes).
    Removing supportfunctions.o(.ARM.exidx.text.topDownMerge), (8 bytes).
    Removing supportfunctions.o(.text.arm_quick_sort_partition_f32), (168 bytes).
    Removing supportfunctions.o(.ARM.exidx.text.arm_quick_sort_partition_f32), (8 bytes).
    Removing supportfunctionsf16.o(.text), (0 bytes).
    Removing supportfunctionsf16.o(.text.arm_copy_f16), (26 bytes).
    Removing supportfunctionsf16.o(.ARM.exidx.text.arm_copy_f16), (8 bytes).
    Removing supportfunctionsf16.o(.text.arm_fill_f16), (30 bytes).
    Removing supportfunctionsf16.o(.ARM.exidx.text.arm_fill_f16), (8 bytes).
    Removing supportfunctionsf16.o(.text.arm_f16_to_q15), (96 bytes).
    Removing supportfunctionsf16.o(.ARM.exidx.text.arm_f16_to_q15), (8 bytes).
    Removing supportfunctionsf16.o(.text.arm_f16_to_float), (38 bytes).
    Removing supportfunctionsf16.o(.ARM.exidx.text.arm_f16_to_float), (8 bytes).
    Removing supportfunctionsf16.o(.text.arm_q15_to_f16), (64 bytes).
    Removing supportfunctionsf16.o(.ARM.exidx.text.arm_q15_to_f16), (8 bytes).
    Removing supportfunctionsf16.o(.text.arm_float_to_f16), (36 bytes).
    Removing supportfunctionsf16.o(.ARM.exidx.text.arm_float_to_f16), (8 bytes).
    Removing supportfunctionsf16.o(.text.arm_weighted_sum_f16), (112 bytes).
    Removing supportfunctionsf16.o(.ARM.exidx.text.arm_weighted_sum_f16), (8 bytes).
    Removing supportfunctionsf16.o(.text.arm_barycenter_f16), (172 bytes).
    Removing supportfunctionsf16.o(.ARM.exidx.text.arm_barycenter_f16), (8 bytes).
    Removing transformfunctions.o(.text), (0 bytes).
    Removing transformfunctions.o(.text.arm_bitreversal_f32), (170 bytes).
    Removing transformfunctions.o(.ARM.exidx.text.arm_bitreversal_f32), (8 bytes).
    Removing transformfunctions.o(.text.arm_bitreversal_q31), (162 bytes).
    Removing transformfunctions.o(.ARM.exidx.text.arm_bitreversal_q31), (8 bytes).
    Removing transformfunctions.o(.text.arm_bitreversal_q15), (116 bytes).
    Removing transformfunctions.o(.ARM.exidx.text.arm_bitreversal_q15), (8 bytes).
    Removing transformfunctions.o(.text.arm_bitreversal_64), (142 bytes).
    Removing transformfunctions.o(.ARM.exidx.text.arm_bitreversal_64), (8 bytes).
    Removing transformfunctions.o(.text.arm_bitreversal_32), (72 bytes).
    Removing transformfunctions.o(.ARM.exidx.text.arm_bitreversal_32), (8 bytes).
    Removing transformfunctions.o(.ARM.exidx.text.arm_bitreversal_16), (8 bytes).
    Removing transformfunctions.o(.text.arm_cfft_radix8by2_f32), (432 bytes).
    Removing transformfunctions.o(.ARM.exidx.text.arm_cfft_radix8by2_f32), (8 bytes).
    Removing transformfunctions.o(.text.arm_radix8_butterfly_f32), (1458 bytes).
    Removing transformfunctions.o(.ARM.exidx.text.arm_radix8_butterfly_f32), (8 bytes).
    Removing transformfunctions.o(.text.arm_cfft_radix8by4_f32), (1232 bytes).
    Removing transformfunctions.o(.ARM.exidx.text.arm_cfft_radix8by4_f32), (8 bytes).
    Removing transformfunctions.o(.text.arm_cfft_f32), (238 bytes).
    Removing transformfunctions.o(.ARM.exidx.text.arm_cfft_f32), (8 bytes).
    Removing transformfunctions.o(.text.arm_radix4_butterfly_f64), (950 bytes).
    Removing transformfunctions.o(.ARM.exidx.text.arm_radix4_butterfly_f64), (8 bytes).
    Removing transformfunctions.o(.text.arm_cfft_radix4by2_f64), (366 bytes).
    Removing transformfunctions.o(.ARM.exidx.text.arm_cfft_radix4by2_f64), (8 bytes).
    Removing transformfunctions.o(.text.arm_cfft_f64), (312 bytes).
    Removing transformfunctions.o(.ARM.exidx.text.arm_cfft_f64), (8 bytes).
    Removing transformfunctions.o(.ARM.exidx.text.arm_cfft_q15), (8 bytes).
    Removing transformfunctions.o(.ARM.exidx.text.arm_radix4_butterfly_inverse_q15), (8 bytes).
    Removing transformfunctions.o(.ARM.exidx.text.arm_cfft_radix4by2_inverse_q15), (8 bytes).
    Removing transformfunctions.o(.ARM.exidx.text.arm_radix4_butterfly_q15), (8 bytes).
    Removing transformfunctions.o(.ARM.exidx.text.arm_cfft_radix4by2_q15), (8 bytes).
    Removing transformfunctions.o(.text.arm_cfft_q31), (214 bytes).
    Removing transformfunctions.o(.ARM.exidx.text.arm_cfft_q31), (8 bytes).
    Removing transformfunctions.o(.text.arm_radix4_butterfly_inverse_q31), (924 bytes).
    Removing transformfunctions.o(.ARM.exidx.text.arm_radix4_butterfly_inverse_q31), (8 bytes).
    Removing transformfunctions.o(.text.arm_cfft_radix4by2_inverse_q31), (228 bytes).
    Removing transformfunctions.o(.ARM.exidx.text.arm_cfft_radix4by2_inverse_q31), (8 bytes).
    Removing transformfunctions.o(.text.arm_radix4_butterfly_q31), (966 bytes).
    Removing transformfunctions.o(.ARM.exidx.text.arm_radix4_butterfly_q31), (8 bytes).
    Removing transformfunctions.o(.text.arm_cfft_radix4by2_q31), (246 bytes).
    Removing transformfunctions.o(.ARM.exidx.text.arm_cfft_radix4by2_q31), (8 bytes).
    Removing transformfunctions.o(.text.arm_cfft_init_f32), (180 bytes).
    Removing transformfunctions.o(.ARM.exidx.text.arm_cfft_init_f32), (8 bytes).
    Removing transformfunctions.o(.text.arm_cfft_init_f64), (180 bytes).
    Removing transformfunctions.o(.ARM.exidx.text.arm_cfft_init_f64), (8 bytes).
    Removing transformfunctions.o(.text.arm_cfft_init_q15), (180 bytes).
    Removing transformfunctions.o(.ARM.exidx.text.arm_cfft_init_q15), (8 bytes).
    Removing transformfunctions.o(.text.arm_cfft_init_q31), (180 bytes).
    Removing transformfunctions.o(.ARM.exidx.text.arm_cfft_init_q31), (8 bytes).
    Removing transformfunctions.o(.text.arm_cfft_radix2_f32), (62 bytes).
    Removing transformfunctions.o(.ARM.exidx.text.arm_cfft_radix2_f32), (8 bytes).
    Removing transformfunctions.o(.text.arm_radix2_butterfly_inverse_f32), (402 bytes).
    Removing transformfunctions.o(.ARM.exidx.text.arm_radix2_butterfly_inverse_f32), (8 bytes).
    Removing transformfunctions.o(.text.arm_radix2_butterfly_f32), (382 bytes).
    Removing transformfunctions.o(.ARM.exidx.text.arm_radix2_butterfly_f32), (8 bytes).
    Removing transformfunctions.o(.text.arm_cfft_radix2_q15), (48 bytes).
    Removing transformfunctions.o(.ARM.exidx.text.arm_cfft_radix2_q15), (8 bytes).
    Removing transformfunctions.o(.text.arm_radix2_butterfly_inverse_q15), (442 bytes).
    Removing transformfunctions.o(.ARM.exidx.text.arm_radix2_butterfly_inverse_q15), (8 bytes).
    Removing transformfunctions.o(.text.arm_radix2_butterfly_q15), (444 bytes).
    Removing transformfunctions.o(.ARM.exidx.text.arm_radix2_butterfly_q15), (8 bytes).
    Removing transformfunctions.o(.text.arm_cfft_radix2_q31), (48 bytes).
    Removing transformfunctions.o(.ARM.exidx.text.arm_cfft_radix2_q31), (8 bytes).
    Removing transformfunctions.o(.text.arm_radix2_butterfly_inverse_q31), (464 bytes).
    Removing transformfunctions.o(.ARM.exidx.text.arm_radix2_butterfly_inverse_q31), (8 bytes).
    Removing transformfunctions.o(.text.arm_radix2_butterfly_q31), (484 bytes).
    Removing transformfunctions.o(.ARM.exidx.text.arm_radix2_butterfly_q31), (8 bytes).
    Removing transformfunctions.o(.text.arm_cfft_radix4_f32), (62 bytes).
    Removing transformfunctions.o(.ARM.exidx.text.arm_cfft_radix4_f32), (8 bytes).
    Removing transformfunctions.o(.text.arm_radix4_butterfly_inverse_f32), (658 bytes).
    Removing transformfunctions.o(.ARM.exidx.text.arm_radix4_butterfly_inverse_f32), (8 bytes).
    Removing transformfunctions.o(.text.arm_radix4_butterfly_f32), (432 bytes).
    Removing transformfunctions.o(.ARM.exidx.text.arm_radix4_butterfly_f32), (8 bytes).
    Removing transformfunctions.o(.text.arm_cfft_radix4_q15), (54 bytes).
    Removing transformfunctions.o(.ARM.exidx.text.arm_cfft_radix4_q15), (8 bytes).
    Removing transformfunctions.o(.text.arm_cfft_radix4_q31), (54 bytes).
    Removing transformfunctions.o(.ARM.exidx.text.arm_cfft_radix4_q31), (8 bytes).
    Removing transformfunctions.o(.text.stage_rfft_f32), (174 bytes).
    Removing transformfunctions.o(.ARM.exidx.text.stage_rfft_f32), (8 bytes).
    Removing transformfunctions.o(.text.merge_rfft_f32), (182 bytes).
    Removing transformfunctions.o(.ARM.exidx.text.merge_rfft_f32), (8 bytes).
    Removing transformfunctions.o(.text.arm_rfft_fast_f32), (66 bytes).
    Removing transformfunctions.o(.ARM.exidx.text.arm_rfft_fast_f32), (8 bytes).
    Removing transformfunctions.o(.text.stage_rfft_f64), (456 bytes).
    Removing transformfunctions.o(.ARM.exidx.text.stage_rfft_f64), (8 bytes).
    Removing transformfunctions.o(.text.merge_rfft_f64), (440 bytes).
    Removing transformfunctions.o(.ARM.exidx.text.merge_rfft_f64), (8 bytes).
    Removing transformfunctions.o(.text.arm_rfft_fast_f64), (72 bytes).
    Removing transformfunctions.o(.ARM.exidx.text.arm_rfft_fast_f64), (8 bytes).
    Removing transformfunctions.o(.text.arm_rfft_fast_init_f32), (154 bytes).
    Removing transformfunctions.o(.ARM.exidx.text.arm_rfft_fast_init_f32), (8 bytes).
    Removing transformfunctions.o(.text.arm_rfft_4096_fast_init_f32), (48 bytes).
    Removing transformfunctions.o(.ARM.exidx.text.arm_rfft_4096_fast_init_f32), (8 bytes).
    Removing transformfunctions.o(.text.arm_rfft_2048_fast_init_f32), (48 bytes).
    Removing transformfunctions.o(.ARM.exidx.text.arm_rfft_2048_fast_init_f32), (8 bytes).
    Removing transformfunctions.o(.text.arm_rfft_1024_fast_init_f32), (48 bytes).
    Removing transformfunctions.o(.ARM.exidx.text.arm_rfft_1024_fast_init_f32), (8 bytes).
    Removing transformfunctions.o(.text.arm_rfft_512_fast_init_f32), (48 bytes).
    Removing transformfunctions.o(.ARM.exidx.text.arm_rfft_512_fast_init_f32), (8 bytes).
    Removing transformfunctions.o(.text.arm_rfft_256_fast_init_f32), (46 bytes).
    Removing transformfunctions.o(.ARM.exidx.text.arm_rfft_256_fast_init_f32), (8 bytes).
    Removing transformfunctions.o(.text.arm_rfft_128_fast_init_f32), (44 bytes).
    Removing transformfunctions.o(.ARM.exidx.text.arm_rfft_128_fast_init_f32), (8 bytes).
    Removing transformfunctions.o(.text.arm_rfft_64_fast_init_f32), (44 bytes).
    Removing transformfunctions.o(.ARM.exidx.text.arm_rfft_64_fast_init_f32), (8 bytes).
    Removing transformfunctions.o(.text.arm_rfft_32_fast_init_f32), (44 bytes).
    Removing transformfunctions.o(.ARM.exidx.text.arm_rfft_32_fast_init_f32), (8 bytes).
    Removing transformfunctions.o(.text.arm_rfft_fast_init_f64), (154 bytes).
    Removing transformfunctions.o(.ARM.exidx.text.arm_rfft_fast_init_f64), (8 bytes).
    Removing transformfunctions.o(.text.arm_rfft_4096_fast_init_f64), (62 bytes).
    Removing transformfunctions.o(.ARM.exidx.text.arm_rfft_4096_fast_init_f64), (8 bytes).
    Removing transformfunctions.o(.text.arm_rfft_2048_fast_init_f64), (62 bytes).
    Removing transformfunctions.o(.ARM.exidx.text.arm_rfft_2048_fast_init_f64), (8 bytes).
    Removing transformfunctions.o(.text.arm_rfft_1024_fast_init_f64), (62 bytes).
    Removing transformfunctions.o(.ARM.exidx.text.arm_rfft_1024_fast_init_f64), (8 bytes).
    Removing transformfunctions.o(.text.arm_rfft_512_fast_init_f64), (60 bytes).
    Removing transformfunctions.o(.ARM.exidx.text.arm_rfft_512_fast_init_f64), (8 bytes).
    Removing transformfunctions.o(.text.arm_rfft_256_fast_init_f64), (58 bytes).
    Removing transformfunctions.o(.ARM.exidx.text.arm_rfft_256_fast_init_f64), (8 bytes).
    Removing transformfunctions.o(.text.arm_rfft_128_fast_init_f64), (56 bytes).
    Removing transformfunctions.o(.ARM.exidx.text.arm_rfft_128_fast_init_f64), (8 bytes).
    Removing transformfunctions.o(.text.arm_rfft_64_fast_init_f64), (56 bytes).
    Removing transformfunctions.o(.ARM.exidx.text.arm_rfft_64_fast_init_f64), (8 bytes).
    Removing transformfunctions.o(.text.arm_rfft_32_fast_init_f64), (56 bytes).
    Removing transformfunctions.o(.ARM.exidx.text.arm_rfft_32_fast_init_f64), (8 bytes).
    Removing transformfunctions.o(.text.arm_dct4_f32), (214 bytes).
    Removing transformfunctions.o(.ARM.exidx.text.arm_dct4_f32), (8 bytes).
    Removing transformfunctions.o(.text.arm_rfft_f32), (136 bytes).
    Removing transformfunctions.o(.ARM.exidx.text.arm_rfft_f32), (8 bytes).
    Removing transformfunctions.o(.text.arm_dct4_init_f32), (152 bytes).
    Removing transformfunctions.o(.ARM.exidx.text.arm_dct4_init_f32), (8 bytes).
    Removing transformfunctions.o(.text.arm_rfft_init_f32), (116 bytes).
    Removing transformfunctions.o(.ARM.exidx.text.arm_rfft_init_f32), (8 bytes).
    Removing transformfunctions.o(.text.arm_dct4_init_q15), (142 bytes).
    Removing transformfunctions.o(.ARM.exidx.text.arm_dct4_init_q15), (8 bytes).
    Removing transformfunctions.o(.text.arm_rfft_init_q15), (212 bytes).
    Removing transformfunctions.o(.ARM.exidx.text.arm_rfft_init_q15), (8 bytes).
    Removing transformfunctions.o(.text.arm_dct4_init_q31), (142 bytes).
    Removing transformfunctions.o(.ARM.exidx.text.arm_dct4_init_q31), (8 bytes).
    Removing transformfunctions.o(.text.arm_rfft_init_q31), (212 bytes).
    Removing transformfunctions.o(.ARM.exidx.text.arm_rfft_init_q31), (8 bytes).
    Removing transformfunctions.o(.text.arm_dct4_q15), (198 bytes).
    Removing transformfunctions.o(.ARM.exidx.text.arm_dct4_q15), (8 bytes).
    Removing transformfunctions.o(.text.arm_rfft_q15), (110 bytes).
    Removing transformfunctions.o(.ARM.exidx.text.arm_rfft_q15), (8 bytes).
    Removing transformfunctions.o(.text.arm_dct4_q31), (220 bytes).
    Removing transformfunctions.o(.ARM.exidx.text.arm_dct4_q31), (8 bytes).
    Removing transformfunctions.o(.text.arm_rfft_q31), (110 bytes).
    Removing transformfunctions.o(.ARM.exidx.text.arm_rfft_q31), (8 bytes).
    Removing transformfunctions.o(.text.arm_split_rifft_f32), (140 bytes).
    Removing transformfunctions.o(.ARM.exidx.text.arm_split_rifft_f32), (8 bytes).
    Removing transformfunctions.o(.text.arm_split_rfft_f32), (256 bytes).
    Removing transformfunctions.o(.ARM.exidx.text.arm_split_rfft_f32), (8 bytes).
    Removing transformfunctions.o(.text.arm_split_rifft_q15), (88 bytes).
    Removing transformfunctions.o(.ARM.exidx.text.arm_split_rifft_q15), (8 bytes).
    Removing transformfunctions.o(.text.arm_split_rfft_q15), (180 bytes).
    Removing transformfunctions.o(.ARM.exidx.text.arm_split_rfft_q15), (8 bytes).
    Removing transformfunctions.o(.text.arm_split_rifft_q31), (136 bytes).
    Removing transformfunctions.o(.ARM.exidx.text.arm_split_rifft_q31), (8 bytes).
    Removing transformfunctions.o(.text.arm_split_rfft_q31), (274 bytes).
    Removing transformfunctions.o(.ARM.exidx.text.arm_split_rfft_q31), (8 bytes).
    Removing transformfunctions.o(.text.arm_cfft_radix4_init_f32), (148 bytes).
    Removing transformfunctions.o(.ARM.exidx.text.arm_cfft_radix4_init_f32), (8 bytes).
    Removing transformfunctions.o(.text.arm_cfft_radix4_init_q15), (102 bytes).
    Removing transformfunctions.o(.ARM.exidx.text.arm_cfft_radix4_init_q15), (8 bytes).
    Removing transformfunctions.o(.text.arm_cfft_radix4_init_q31), (102 bytes).
    Removing transformfunctions.o(.ARM.exidx.text.arm_cfft_radix4_init_q31), (8 bytes).
    Removing transformfunctions.o(.text.arm_cfft_radix2_init_f32), (228 bytes).
    Removing transformfunctions.o(.ARM.exidx.text.arm_cfft_radix2_init_f32), (8 bytes).
    Removing transformfunctions.o(.text.arm_cfft_radix2_init_q15), (152 bytes).
    Removing transformfunctions.o(.ARM.exidx.text.arm_cfft_radix2_init_q15), (8 bytes).
    Removing transformfunctions.o(.text.arm_cfft_radix2_init_q31), (152 bytes).
    Removing transformfunctions.o(.ARM.exidx.text.arm_cfft_radix2_init_q31), (8 bytes).
    Removing transformfunctionsf16.o(.text), (0 bytes).
    Removing transformfunctionsf16.o(.text.arm_cfft_f16), (270 bytes).
    Removing transformfunctionsf16.o(.ARM.exidx.text.arm_cfft_f16), (8 bytes).
    Removing transformfunctionsf16.o(.text.arm_radix4_butterfly_f16), (1390 bytes).
    Removing transformfunctionsf16.o(.ARM.exidx.text.arm_radix4_butterfly_f16), (8 bytes).
    Removing transformfunctionsf16.o(.text.arm_cfft_radix4by2_f16), (220 bytes).
    Removing transformfunctionsf16.o(.ARM.exidx.text.arm_cfft_radix4by2_f16), (8 bytes).
    Removing transformfunctionsf16.o(.text.arm_cfft_init_f16), (180 bytes).
    Removing transformfunctionsf16.o(.ARM.exidx.text.arm_cfft_init_f16), (8 bytes).
    Removing transformfunctionsf16.o(.text.arm_cfft_radix2_f16), (64 bytes).
    Removing transformfunctionsf16.o(.ARM.exidx.text.arm_cfft_radix2_f16), (8 bytes).
    Removing transformfunctionsf16.o(.text.arm_radix2_butterfly_inverse_f16), (602 bytes).
    Removing transformfunctionsf16.o(.ARM.exidx.text.arm_radix2_butterfly_inverse_f16), (8 bytes).
    Removing transformfunctionsf16.o(.text.arm_radix2_butterfly_f16), (554 bytes).
    Removing transformfunctionsf16.o(.ARM.exidx.text.arm_radix2_butterfly_f16), (8 bytes).
    Removing transformfunctionsf16.o(.text.arm_bitreversal_f16), (162 bytes).
    Removing transformfunctionsf16.o(.ARM.exidx.text.arm_bitreversal_f16), (8 bytes).
    Removing transformfunctionsf16.o(.text.arm_cfft_radix4_f16), (64 bytes).
    Removing transformfunctionsf16.o(.ARM.exidx.text.arm_cfft_radix4_f16), (8 bytes).
    Removing transformfunctionsf16.o(.text.arm_radix4_butterfly_inverse_f16), (1436 bytes).
    Removing transformfunctionsf16.o(.ARM.exidx.text.arm_radix4_butterfly_inverse_f16), (8 bytes).
    Removing transformfunctionsf16.o(.text.arm_rfft_fast_init_f16), (154 bytes).
    Removing transformfunctionsf16.o(.ARM.exidx.text.arm_rfft_fast_init_f16), (8 bytes).
    Removing transformfunctionsf16.o(.text.arm_rfft_4096_fast_init_f16), (48 bytes).
    Removing transformfunctionsf16.o(.ARM.exidx.text.arm_rfft_4096_fast_init_f16), (8 bytes).
    Removing transformfunctionsf16.o(.text.arm_rfft_2048_fast_init_f16), (48 bytes).
    Removing transformfunctionsf16.o(.ARM.exidx.text.arm_rfft_2048_fast_init_f16), (8 bytes).
    Removing transformfunctionsf16.o(.text.arm_rfft_1024_fast_init_f16), (48 bytes).
    Removing transformfunctionsf16.o(.ARM.exidx.text.arm_rfft_1024_fast_init_f16), (8 bytes).
    Removing transformfunctionsf16.o(.text.arm_rfft_512_fast_init_f16), (48 bytes).
    Removing transformfunctionsf16.o(.ARM.exidx.text.arm_rfft_512_fast_init_f16), (8 bytes).
    Removing transformfunctionsf16.o(.text.arm_rfft_256_fast_init_f16), (46 bytes).
    Removing transformfunctionsf16.o(.ARM.exidx.text.arm_rfft_256_fast_init_f16), (8 bytes).
    Removing transformfunctionsf16.o(.text.arm_rfft_128_fast_init_f16), (44 bytes).
    Removing transformfunctionsf16.o(.ARM.exidx.text.arm_rfft_128_fast_init_f16), (8 bytes).
    Removing transformfunctionsf16.o(.text.arm_rfft_64_fast_init_f16), (44 bytes).
    Removing transformfunctionsf16.o(.ARM.exidx.text.arm_rfft_64_fast_init_f16), (8 bytes).
    Removing transformfunctionsf16.o(.text.arm_rfft_32_fast_init_f16), (44 bytes).
    Removing transformfunctionsf16.o(.ARM.exidx.text.arm_rfft_32_fast_init_f16), (8 bytes).
    Removing transformfunctionsf16.o(.text.stage_rfft_f16), (272 bytes).
    Removing transformfunctionsf16.o(.ARM.exidx.text.stage_rfft_f16), (8 bytes).
    Removing transformfunctionsf16.o(.text.merge_rfft_f16), (270 bytes).
    Removing transformfunctionsf16.o(.ARM.exidx.text.merge_rfft_f16), (8 bytes).
    Removing transformfunctionsf16.o(.text.arm_rfft_fast_f16), (66 bytes).
    Removing transformfunctionsf16.o(.ARM.exidx.text.arm_rfft_fast_f16), (8 bytes).
    Removing transformfunctionsf16.o(.text.arm_radix8_butterfly_f16), (2158 bytes).
    Removing transformfunctionsf16.o(.ARM.exidx.text.arm_radix8_butterfly_f16), (8 bytes).
    Removing transformfunctionsf16.o(.text.arm_cfft_radix2_init_f16), (236 bytes).
    Removing transformfunctionsf16.o(.ARM.exidx.text.arm_cfft_radix2_init_f16), (8 bytes).
    Removing transformfunctionsf16.o(.text.arm_cfft_radix4_init_f16), (152 bytes).
    Removing transformfunctionsf16.o(.ARM.exidx.text.arm_cfft_radix4_init_f16), (8 bytes).

1358 unused section(s) (total 1071675 bytes) removed from the image.

==============================================================================

Image Symbol Table

    Local Symbols

    Symbol Name                              Value     Ov Type        Size  Object(Section)

    ../clib/angel/rt.s                       0x00000000   Number         0  aeabi_ldiv0.o ABSOLUTE
    ../clib/angel/rt.s                       0x00000000   Number         0  aeabi_ldiv0_sigfpe.o ABSOLUTE
    ../clib/angel/rt.s                       0x00000000   Number         0  rt_div0.o ABSOLUTE
    ../clib/angel/rt.s                       0x00000000   Number         0  rt_errno_addr.o ABSOLUTE
    ../clib/angel/rt.s                       0x00000000   Number         0  rt_errno_addr_intlibspace.o ABSOLUTE
    ../clib/angel/rt.s                       0x00000000   Number         0  rt_raise.o ABSOLUTE
    ../clib/angel/sys.s                      0x00000000   Number         0  libspace.o ABSOLUTE
    ../clib/angel/sys.s                      0x00000000   Number         0  use_no_semi.o ABSOLUTE
    ../clib/angel/sys.s                      0x00000000   Number         0  indicate_semi.o ABSOLUTE
    ../clib/angel/sysapp.c                   0x00000000   Number         0  sys_exit.o ABSOLUTE
    ../clib/angel/sysapp.c                   0x00000000   Number         0  sys_exit_hlt.o ABSOLUTE
    ../clib/angel/sysapp.c                   0x00000000   Number         0  sys_wrch.o ABSOLUTE
    ../clib/angel/sysapp.c                   0x00000000   Number         0  sys_wrch_hlt.o ABSOLUTE
    ../clib/fenv.c                           0x00000000   Number         0  _rserrno.o ABSOLUTE
    ../clib/heapaux.c                        0x00000000   Number         0  heapauxi.o ABSOLUTE
    ../clib/longlong.s                       0x00000000   Number         0  lludivv7m.o ABSOLUTE
    ../clib/longlong.s                       0x00000000   Number         0  llsdiv.o ABSOLUTE
    ../clib/memcpset.s                       0x00000000   Number         0  rt_memcpy_w.o ABSOLUTE
    ../clib/memcpset.s                       0x00000000   Number         0  aeabi_memset.o ABSOLUTE
    ../clib/memcpset.s                       0x00000000   Number         0  rt_memclr.o ABSOLUTE
    ../clib/memcpset.s                       0x00000000   Number         0  rt_memclr_w.o ABSOLUTE
    ../clib/signal.c                         0x00000000   Number         0  defsig_fpe_outer.o ABSOLUTE
    ../clib/signal.c                         0x00000000   Number         0  defsig_fpe_formal.o ABSOLUTE
    ../clib/signal.c                         0x00000000   Number         0  defsig_exit.o ABSOLUTE
    ../clib/signal.c                         0x00000000   Number         0  defsig_fpe_inner.o ABSOLUTE
    ../clib/signal.c                         0x00000000   Number         0  __raise.o ABSOLUTE
    ../clib/signal.c                         0x00000000   Number         0  defsig_general.o ABSOLUTE
    ../clib/signal.c                         0x00000000   Number         0  defsig_abrt_inner.o ABSOLUTE
    ../clib/signal.c                         0x00000000   Number         0  defsig_rtred_inner.o ABSOLUTE
    ../clib/signal.c                         0x00000000   Number         0  defsig_rtmem_inner.o ABSOLUTE
    ../clib/signal.c                         0x00000000   Number         0  defsig_stak_inner.o ABSOLUTE
    ../clib/signal.c                         0x00000000   Number         0  defsig_pvfn_inner.o ABSOLUTE
    ../clib/signal.c                         0x00000000   Number         0  defsig_cppl_inner.o ABSOLUTE
    ../clib/signal.c                         0x00000000   Number         0  defsig_segv_inner.o ABSOLUTE
    ../clib/signal.c                         0x00000000   Number         0  defsig_other.o ABSOLUTE
    ../clib/signal.s                         0x00000000   Number         0  defsig.o ABSOLUTE
    ../fplib/basic.s                         0x00000000   Number         0  basic.o ABSOLUTE
    ../fplib/d2f.s                           0x00000000   Number         0  d2f.o ABSOLUTE
    ../fplib/daddsub.s                       0x00000000   Number         0  daddsub_clz.o ABSOLUTE
    ../fplib/dcmp.s                          0x00000000   Number         0  dcmp.o ABSOLUTE
    ../fplib/dcmpi.s                         0x00000000   Number         0  dcmpi.o ABSOLUTE
    ../fplib/ddiv.s                          0x00000000   Number         0  ddiv.o ABSOLUTE
    ../fplib/deqf.s                          0x00000000   Number         0  deqf.o ABSOLUTE
    ../fplib/dfix.s                          0x00000000   Number         0  dfix.o ABSOLUTE
    ../fplib/dflt.s                          0x00000000   Number         0  dflt_clz.o ABSOLUTE
    ../fplib/dgeqf.s                         0x00000000   Number         0  dgeqf.o ABSOLUTE
    ../fplib/dleqf.s                         0x00000000   Number         0  dleqf.o ABSOLUTE
    ../fplib/dmul.s                          0x00000000   Number         0  dmul.o ABSOLUTE
    ../fplib/dnaninf.s                       0x00000000   Number         0  dnaninf.o ABSOLUTE
    ../fplib/dretinf.s                       0x00000000   Number         0  dretinf.o ABSOLUTE
    ../fplib/dsqrt.s                         0x00000000   Number         0  dsqrt_umaal.o ABSOLUTE
    ../fplib/f2d.s                           0x00000000   Number         0  f2d.o ABSOLUTE
    ../fplib/ffixll.s                        0x00000000   Number         0  ffixll.o ABSOLUTE
    ../fplib/fnaninf.s                       0x00000000   Number         0  fnaninf.o ABSOLUTE
    ../fplib/fretinf.s                       0x00000000   Number         0  fretinf.o ABSOLUTE
    ../fplib/istatus.s                       0x00000000   Number         0  istatus.o ABSOLUTE
    ../fplib/usenofp.s                       0x00000000   Number         0  usenofp.o ABSOLUTE
    ../mathlib/dunder.c                      0x00000000   Number         0  dunder.o ABSOLUTE
    ../mathlib/expf.c                        0x00000000   Number         0  expf.o ABSOLUTE
    ../mathlib/fpclassifyf.c                 0x00000000   Number         0  fpclassifyf.o ABSOLUTE
    ../mathlib/funder.c                      0x00000000   Number         0  funder.o ABSOLUTE
    ../mathlib/log.c                         0x00000000   Number         0  log.o ABSOLUTE
    ../mathlib/logf.c                        0x00000000   Number         0  logf.o ABSOLUTE
    ../mathlib/poly.c                        0x00000000   Number         0  poly.o ABSOLUTE
    ../mathlib/powf.c                        0x00000000   Number         0  powf.o ABSOLUTE
    ../mathlib/qnan.c                        0x00000000   Number         0  qnan.o ABSOLUTE
    ../mathlib/sqrt.c                        0x00000000   Number         0  sqrt.o ABSOLUTE
    ../mathlib/sqrtf.c                       0x00000000   Number         0  sqrtf.o ABSOLUTE
    ../mathlib/tanhf.c                       0x00000000   Number         0  tanhf.o ABSOLUTE
    ADC0Seq0_Handler.s                       0x00000000   Number         0  adc0seq0_handler.o ABSOLUTE
    ADC0Seq3_Handler.s                       0x00000000   Number         0  adc0seq3_handler.o ABSOLUTE
    BasicMathFunctions.c                     0x00000000   Number         0  basicmathfunctions.o ABSOLUTE
    BasicMathFunctionsF16.c                  0x00000000   Number         0  basicmathfunctionsf16.o ABSOLUTE
    BayesFunctions.c                         0x00000000   Number         0  bayesfunctions.o ABSOLUTE
    BayesFunctionsF16.c                      0x00000000   Number         0  bayesfunctionsf16.o ABSOLUTE
    CommonTables.c                           0x00000000   Number         0  commontables.o ABSOLUTE
    CommonTablesF16.c                        0x00000000   Number         0  commontablesf16.o ABSOLUTE
    ComplexMathFunctions.c                   0x00000000   Number         0  complexmathfunctions.o ABSOLUTE
    ComplexMathFunctionsF16.c                0x00000000   Number         0  complexmathfunctionsf16.o ABSOLUTE
    ControllerFunctions.c                    0x00000000   Number         0  controllerfunctions.o ABSOLUTE
    Debounce_K.s                             0x00000000   Number         0  debounce_k.o ABSOLUTE
    Debounce_SW.s                            0x00000000   Number         0  debounce_sw.o ABSOLUTE
    DistanceFunctions.c                      0x00000000   Number         0  distancefunctions.o ABSOLUTE
    DistanceFunctionsF16.c                   0x00000000   Number         0  distancefunctionsf16.o ABSOLUTE
    FastMathFunctions.c                      0x00000000   Number         0  fastmathfunctions.o ABSOLUTE
    FastMathFunctionsF16.c                   0x00000000   Number         0  fastmathfunctionsf16.o ABSOLUTE
    FilteringFunctions.c                     0x00000000   Number         0  filteringfunctions.o ABSOLUTE
    FilteringFunctionsF16.c                  0x00000000   Number         0  filteringfunctionsf16.o ABSOLUTE
    Font6x8.s                                0x00000000   Number         0  font6x8.o ABSOLUTE
    Handle_ADC0SS3_DSP.s                     0x00000000   Number         0  handle_adc0ss3_dsp.o ABSOLUTE
    Handle_KeyPad.s                          0x00000000   Number         0  handle_keypad.o ABSOLUTE
    Handle_Switches.s                        0x00000000   Number         0  handle_switches.o ABSOLUTE
    Init_ADC0.s                              0x00000000   Number         0  init_adc0.o ABSOLUTE
    Init_GPIO_A.s                            0x00000000   Number         0  init_gpio_a.o ABSOLUTE
    Init_GPIO_B.s                            0x00000000   Number         0  init_gpio_b.o ABSOLUTE
    Init_GPIO_D.s                            0x00000000   Number         0  init_gpio_d.o ABSOLUTE
    Init_GPIO_E.s                            0x00000000   Number         0  init_gpio_e.o ABSOLUTE
    Init_GPIO_F.s                            0x00000000   Number         0  init_gpio_f.o ABSOLUTE
    Init_Nokia5110.s                         0x00000000   Number         0  init_nokia5110.o ABSOLUTE
    Init_SPI3.s                              0x00000000   Number         0  init_spi3.o ABSOLUTE
    Init_SRAM.s                              0x00000000   Number         0  init_sram.o ABSOLUTE
    Init_SysTick.s                           0x00000000   Number         0  init_systick.o ABSOLUTE
    Init_TIMER0.s                            0x00000000   Number         0  init_timer0.o ABSOLUTE
    Input_Thresh.s                           0x00000000   Number         0  input_thresh.o ABSOLUTE
    InterpolationFunctions.c                 0x00000000   Number         0  interpolationfunctions.o ABSOLUTE
    InterpolationFunctionsF16.c              0x00000000   Number         0  interpolationfunctionsf16.o ABSOLUTE
    MatrixFunctions.c                        0x00000000   Number         0  matrixfunctions.o ABSOLUTE
    MatrixFunctionsF16.c                     0x00000000   Number         0  matrixfunctionsf16.o ABSOLUTE
    OutChar.s                                0x00000000   Number         0  outchar.o ABSOLUTE
    Print/Convert_ADCData.s                  0x00000000   Number         0  convert_adcdata.o ABSOLUTE
    Print/DigitExtractor.s                   0x00000000   Number         0  digitextractor.o ABSOLUTE
    Print/Divide.s                           0x00000000   Number         0  divide.o ABSOLUTE
    Print/OutStr.s                           0x00000000   Number         0  outstr.o ABSOLUTE
    Print/Print_ADC0SS3Data.s                0x00000000   Number         0  print_adc0ss3data.o ABSOLUTE
    PrintKey.s                               0x00000000   Number         0  printkey.o ABSOLUTE
    QuaternionMathFunctions.c                0x00000000   Number         0  quaternionmathfunctions.o ABSOLUTE
    SPI3_WriteByte.s                         0x00000000   Number         0  spi3_writebyte.o ABSOLUTE
    SVMFunctions.c                           0x00000000   Number         0  svmfunctions.o ABSOLUTE
    SVMFunctionsF16.c                        0x00000000   Number         0  svmfunctionsf16.o ABSOLUTE
    ScreenMemory.s                           0x00000000   Number         0  screenmemory.o ABSOLUTE
    Set_LED_Status.s                         0x00000000   Number         0  set_led_status.o ABSOLUTE
    Startup.s                                0x00000000   Number         0  startup.o ABSOLUTE
    StatisticsFunctions.c                    0x00000000   Number         0  statisticsfunctions.o ABSOLUTE
    StatisticsFunctionsF16.c                 0x00000000   Number         0  statisticsfunctionsf16.o ABSOLUTE
    SupportFunctions.c                       0x00000000   Number         0  supportfunctions.o ABSOLUTE
    SupportFunctionsF16.c                    0x00000000   Number         0  supportfunctionsf16.o ABSOLUTE
    SysTick_Handler.s                        0x00000000   Number         0  systick_handler.o ABSOLUTE
    Timer0A_Handler.s                        0x00000000   Number         0  timer0a_handler.o ABSOLUTE
    TransformFunctions.c                     0x00000000   Number         0  transformfunctions.o ABSOLUTE
    TransformFunctionsF16.c                  0x00000000   Number         0  transformfunctionsf16.o ABSOLUTE
    Update_Flags.s                           0x00000000   Number         0  update_flags.o ABSOLUTE
    Update_LED_Status.s                      0x00000000   Number         0  update_led_status.o ABSOLUTE
    Update_Screen.s                          0x00000000   Number         0  update_screen.o ABSOLUTE
    Update_Thresh_Screen.s                   0x00000000   Number         0  update_thresh_screen.o ABSOLUTE
    dc.s                                     0x00000000   Number         0  dc.o ABSOLUTE
    main.s                                   0x00000000   Number         0  main.o ABSOLUTE
    RESET                                    0x00000000   Section      668  startup.o(RESET)
    $v0                                      0x0000026c   Number         0  startup.o(RESET)
    $v0                                      0x0000029c   Number         0  outchar.o(.text)
    .text                                    0x0000029c   Section      220  outchar.o(.text)
    $v0                                      0x00000378   Number         0  outstr.o(.text)
    .text                                    0x00000378   Section      236  outstr.o(.text)
    .text                                    0x00000464   Section        0  heapauxi.o(.text)
    [Anonymous Symbol]                       0x0000046c   Section        0  transformfunctions.o(.text.arm_bitreversal_16)
    [Anonymous Symbol]                       0x000004c0   Section        0  transformfunctions.o(.text.arm_cfft_q15)
    [Anonymous Symbol]                       0x00000598   Section        0  transformfunctions.o(.text.arm_cfft_radix4by2_inverse_q15)
    [Anonymous Symbol]                       0x00000648   Section        0  transformfunctions.o(.text.arm_cfft_radix4by2_q15)
    [Anonymous Symbol]                       0x000006f8   Section        0  complexmathfunctions.o(.text.arm_cmplx_mag_squared_q15)
    [Anonymous Symbol]                       0x0000071c   Section        0  statisticsfunctions.o(.text.arm_max_q15)
    [Anonymous Symbol]                       0x0000074c   Section        0  transformfunctions.o(.text.arm_radix4_butterfly_inverse_q15)
    [Anonymous Symbol]                       0x0000099c   Section        0  transformfunctions.o(.text.arm_radix4_butterfly_q15)
    $v0                                      0x00000bec   Number         0  adc0seq0_handler.o(ADC0Seq0_Handler_Code)
    ADC0Seq0_Handler_Code                    0x00000bec   Section       84  adc0seq0_handler.o(ADC0Seq0_Handler_Code)
    $v0                                      0x00000c40   Number         0  adc0seq3_handler.o(ADC0Seq3_Handler_Code)
    ADC0Seq3_Handler_Code                    0x00000c40   Section       92  adc0seq3_handler.o(ADC0Seq3_Handler_Code)
    $v0                                      0x00000c9c   Number         0  debounce_k.o(DEBOUNCE_K_CODE)
    DEBOUNCE_K_CODE                          0x00000c9c   Section       40  debounce_k.o(DEBOUNCE_K_CODE)
    $v0                                      0x00000cc4   Number         0  digitextractor.o(DigitExtractorArea)
    DigitExtractorArea                       0x00000cc4   Section       68  digitextractor.o(DigitExtractorArea)
    $v0                                      0x00000d08   Number         0  divide.o(DivideA)
    DivideA                                  0x00000d08   Section       28  divide.o(DivideA)
    $v0                                      0x00000d24   Number         0  handle_adc0ss3_dsp.o(Handle_ADC0SS3_DSP_CODE)
    Handle_ADC0SS3_DSP_CODE                  0x00000d24   Section      184  handle_adc0ss3_dsp.o(Handle_ADC0SS3_DSP_CODE)
    $v0                                      0x00000ddc   Number         0  handle_keypad.o(Handle_KeyPad_CODE)
    Handle_KeyPad_CODE                       0x00000ddc   Section       84  handle_keypad.o(Handle_KeyPad_CODE)
    $v0                                      0x00000e30   Number         0  handle_switches.o(Handle_Switches_CODE)
    Handle_Switches_CODE                     0x00000e30   Section       36  handle_switches.o(Handle_Switches_CODE)
    $v0                                      0x00000e54   Number         0  init_adc0.o(INIT_ADC0_CODE)
    INIT_ADC0_CODE                           0x00000e54   Section      180  init_adc0.o(INIT_ADC0_CODE)
    $v0                                      0x00000f08   Number         0  init_gpio_a.o(INIT_GPIOA_CODE)
    INIT_GPIOA_CODE                          0x00000f08   Section       84  init_gpio_a.o(INIT_GPIOA_CODE)
    $v0                                      0x00000f5c   Number         0  init_gpio_b.o(INIT_GPIOB_CODE)
    INIT_GPIOB_CODE                          0x00000f5c   Section       96  init_gpio_b.o(INIT_GPIOB_CODE)
    $v0                                      0x00000fbc   Number         0  init_gpio_d.o(INIT_GPIOD_CODE)
    INIT_GPIOD_CODE                          0x00000fbc   Section      168  init_gpio_d.o(INIT_GPIOD_CODE)
    $v0                                      0x00001064   Number         0  init_gpio_e.o(INIT_GPIOE_CODE)
    INIT_GPIOE_CODE                          0x00001064   Section      108  init_gpio_e.o(INIT_GPIOE_CODE)
    $v0                                      0x000010d0   Number         0  init_gpio_f.o(INIT_GPIOF_CODE)
    INIT_GPIOF_CODE                          0x000010d0   Section      120  init_gpio_f.o(INIT_GPIOF_CODE)
    $v0                                      0x00001148   Number         0  init_nokia5110.o(INIT_Nokia5110_CODE)
    INIT_Nokia5110_CODE                      0x00001148   Section      124  init_nokia5110.o(INIT_Nokia5110_CODE)
    $v0                                      0x000011c4   Number         0  init_spi3.o(INIT_SPI3_CODE)
    INIT_SPI3_CODE                           0x000011c4   Section       80  init_spi3.o(INIT_SPI3_CODE)
    $v0                                      0x00001214   Number         0  init_systick.o(INIT_SysTick_Code)
    INIT_SysTick_Code                        0x00001214   Section       60  init_systick.o(INIT_SysTick_Code)
    $v0                                      0x00001250   Number         0  init_timer0.o(INIT_TIMER0_CODE)
    INIT_TIMER0_CODE                         0x00001250   Section      156  init_timer0.o(INIT_TIMER0_CODE)
    $v0                                      0x000012ec   Number         0  input_thresh.o(INPUT_THRESH_CODE)
    INPUT_THRESH_CODE                        0x000012ec   Section      136  input_thresh.o(INPUT_THRESH_CODE)
    $v0                                      0x00001374   Number         0  init_sram.o(Init_SRAM_Code)
    Init_SRAM_Code                           0x00001374   Section      876  init_sram.o(Init_SRAM_Code)
    $v0                                      0x000016e0   Number         0  main.o(MainCode)
    MainCode                                 0x000016e0   Section       64  main.o(MainCode)
    $v0                                      0x00001720   Number         0  printkey.o(PRINT_KEY_CODE)
    PRINT_KEY_CODE                           0x00001720   Section      184  printkey.o(PRINT_KEY_CODE)
    $v0                                      0x000017d8   Number         0  set_led_status.o(SET_LED_STS_CODE)
    SET_LED_STS_CODE                         0x000017d8   Section       88  set_led_status.o(SET_LED_STS_CODE)
    $v0                                      0x00001830   Number         0  spi3_writebyte.o(SPI3_WRT_BYTE_CODE)
    SPI3_WRT_BYTE_CODE                       0x00001830   Section       72  spi3_writebyte.o(SPI3_WRT_BYTE_CODE)
    $v0                                      0x00001878   Number         0  systick_handler.o(SysTickHandlerCode)
    SysTickHandlerCode                       0x00001878   Section       64  systick_handler.o(SysTickHandlerCode)
    $v0                                      0x000018b8   Number         0  timer0a_handler.o(Timer0A_Handler_Code)
    Timer0A_Handler_Code                     0x000018b8   Section      128  timer0a_handler.o(Timer0A_Handler_Code)
    $v0                                      0x00001938   Number         0  update_flags.o(UPDATE_FLAGS_Code)
    UPDATE_FLAGS_Code                        0x00001938   Section       44  update_flags.o(UPDATE_FLAGS_Code)
    $v0                                      0x00001964   Number         0  update_screen.o(UPDATE_SCREEN_CODE)
    UPDATE_SCREEN_CODE                       0x00001964   Section      128  update_screen.o(UPDATE_SCREEN_CODE)
    $v0                                      0x000019e4   Number         0  update_thresh_screen.o(UPDATE_THRESH_SCREEN_CODE)
    UPDATE_THRESH_SCREEN_CODE                0x000019e4   Section      104  update_thresh_screen.o(UPDATE_THRESH_SCREEN_CODE)
    $v0                                      0x00001a4c   Number         0  update_led_status.o(UPD_LED_STS_CODE)
    UPD_LED_STS_CODE                         0x00001a4c   Section       60  update_led_status.o(UPD_LED_STS_CODE)
    FONT6x8_DATA                             0x00001f78   Section      576  font6x8.o(FONT6x8_DATA)
    INPUT_THRSH_MSG                          0x000021b8   Data          42  printkey.o(PRINT_KEY_MSGS)
    PRINT_KEY_MSGS                           0x000021b8   Section       72  printkey.o(PRINT_KEY_MSGS)
    ADC0SS0_SAMPLE_DATA                      0x20000000   Section        2  adc0seq0_handler.o(ADC0SS0_SAMPLE_DATA)
    ADC0SS3_SAMPLE_DATA                      0x20000004   Section     1544  adc0seq3_handler.o(ADC0SS3_SAMPLE_DATA)
    CNTRL_FLAGS                              0x2000060c   Section        1  main.o(CNTRL_FLAGS)
    KeyPad_Data                              0x20000610   Section        5  handle_keypad.o(KeyPad_Data)
    PRINT_KEY_DATA                           0x20000618   Section       21  printkey.o(PRINT_KEY_DATA)
    Print_ADC0SS3Data_VARS                   0x20000630   Section        8  print_adc0ss3data.o(Print_ADC0SS3Data_VARS)
    SCREEN_MEM                               0x20000638   Section       84  screenmemory.o(SCREEN_MEM)
    StackMem                                 0x20000690   Data           0  startup.o(STACK)
    STACK                                    0x20000690   Section     1024  startup.o(STACK)
    SW_Data                                  0x20000a90   Section        1  handle_switches.o(SW_Data)
    UPDATE_SCREEN_DATA                       0x20000a94   Section        3  update_screen.o(UPDATE_SCREEN_DATA)
    UPDATE_THRESH_SCREEN_DATA                0x20000a98   Section        2  update_thresh_screen.o(UPDATE_THRESH_SCREEN_DATA)

    Global Symbols

    Symbol Name                              Value     Ov Type        Size  Object(Section)

    BuildAttributes$$THM_ISAv4$E$P$D$K$B$S$7EM$VFPi3$EXTD16$VFPS$VFMA$PE$A:L22UL41UL21$X:L11$S22US41US21$IEEE1$IW$~IW$USESV6$~STKCKD$USESV7$~SHL$OTIME$ROPI$IEEEX$EBA8$STANDARDLIB$REQ8$EABIv2 0x00000000   Number         0  anon$$obj.o ABSOLUTE
    __Vectors                                0x00000000   Data           0  startup.o(RESET)
    __sigvec_lookup                           - Undefined Weak Reference
    Reset_Handler                            0x0000026d   Thumb Code     0  startup.o(RESET)
    NMI_Handler                              0x00000289   Thumb Code     2  startup.o(RESET)
    HardFault_Handler                        0x0000028b   Thumb Code     2  startup.o(RESET)
    MemManage_Handler                        0x0000028d   Thumb Code     2  startup.o(RESET)
    BusFault_Handler                         0x0000028f   Thumb Code     2  startup.o(RESET)
    UsageFault_Handler                       0x00000291   Thumb Code     2  startup.o(RESET)
    SVC_Handler                              0x00000293   Thumb Code     2  startup.o(RESET)
    DebugMon_Handler                         0x00000295   Thumb Code     2  startup.o(RESET)
    PendSV_Handler                           0x00000297   Thumb Code     2  startup.o(RESET)
    ADC0Seq1_Handler                         0x0000029b   Thumb Code     0  startup.o(RESET)
    ADC0Seq2_Handler                         0x0000029b   Thumb Code     0  startup.o(RESET)
    ADC1Seq0_Handler                         0x0000029b   Thumb Code     0  startup.o(RESET)
    ADC1Seq1_Handler                         0x0000029b   Thumb Code     0  startup.o(RESET)
    ADC1Seq2_Handler                         0x0000029b   Thumb Code     0  startup.o(RESET)
    ADC1Seq3_Handler                         0x0000029b   Thumb Code     0  startup.o(RESET)
    CAN0_Handler                             0x0000029b   Thumb Code     0  startup.o(RESET)
    CAN1_Handler                             0x0000029b   Thumb Code     0  startup.o(RESET)
    CAN2_Handler                             0x0000029b   Thumb Code     0  startup.o(RESET)
    Comp0_Handler                            0x0000029b   Thumb Code     0  startup.o(RESET)
    Comp1_Handler                            0x0000029b   Thumb Code     0  startup.o(RESET)
    Comp2_Handler                            0x0000029b   Thumb Code     0  startup.o(RESET)
    Ethernet_Handler                         0x0000029b   Thumb Code     0  startup.o(RESET)
    ExtBus_Handler                           0x0000029b   Thumb Code     0  startup.o(RESET)
    FPU_Handler                              0x0000029b   Thumb Code     0  startup.o(RESET)
    Fan0_Handler                             0x0000029b   Thumb Code     0  startup.o(RESET)
    FlashCtl_Handler                         0x0000029b   Thumb Code     0  startup.o(RESET)
    GPIOPortA_Handler                        0x0000029b   Thumb Code     0  startup.o(RESET)
    GPIOPortB_Handler                        0x0000029b   Thumb Code     0  startup.o(RESET)
    GPIOPortC_Handler                        0x0000029b   Thumb Code     0  startup.o(RESET)
    GPIOPortD_Handler                        0x0000029b   Thumb Code     0  startup.o(RESET)
    GPIOPortE_Handler                        0x0000029b   Thumb Code     0  startup.o(RESET)
    GPIOPortF_Handler                        0x0000029b   Thumb Code     0  startup.o(RESET)
    GPIOPortG_Handler                        0x0000029b   Thumb Code     0  startup.o(RESET)
    GPIOPortH_Handler                        0x0000029b   Thumb Code     0  startup.o(RESET)
    GPIOPortJ_Handler                        0x0000029b   Thumb Code     0  startup.o(RESET)
    GPIOPortK_Handler                        0x0000029b   Thumb Code     0  startup.o(RESET)
    GPIOPortL_Handler                        0x0000029b   Thumb Code     0  startup.o(RESET)
    GPIOPortM_Handler                        0x0000029b   Thumb Code     0  startup.o(RESET)
    GPIOPortN_Handler                        0x0000029b   Thumb Code     0  startup.o(RESET)
    GPIOPortP1_Handler                       0x0000029b   Thumb Code     0  startup.o(RESET)
    GPIOPortP2_Handler                       0x0000029b   Thumb Code     0  startup.o(RESET)
    GPIOPortP3_Handler                       0x0000029b   Thumb Code     0  startup.o(RESET)
    GPIOPortP4_Handler                       0x0000029b   Thumb Code     0  startup.o(RESET)
    GPIOPortP5_Handler                       0x0000029b   Thumb Code     0  startup.o(RESET)
    GPIOPortP6_Handler                       0x0000029b   Thumb Code     0  startup.o(RESET)
    GPIOPortP7_Handler                       0x0000029b   Thumb Code     0  startup.o(RESET)
    GPIOPortP_Handler                        0x0000029b   Thumb Code     0  startup.o(RESET)
    GPIOPortQ1_Handler                       0x0000029b   Thumb Code     0  startup.o(RESET)
    GPIOPortQ2_Handler                       0x0000029b   Thumb Code     0  startup.o(RESET)
    GPIOPortQ3_Handler                       0x0000029b   Thumb Code     0  startup.o(RESET)
    GPIOPortQ4_Handler                       0x0000029b   Thumb Code     0  startup.o(RESET)
    GPIOPortQ5_Handler                       0x0000029b   Thumb Code     0  startup.o(RESET)
    GPIOPortQ6_Handler                       0x0000029b   Thumb Code     0  startup.o(RESET)
    GPIOPortQ7_Handler                       0x0000029b   Thumb Code     0  startup.o(RESET)
    GPIOPortQ_Handler                        0x0000029b   Thumb Code     0  startup.o(RESET)
    GPIOPortR_Handler                        0x0000029b   Thumb Code     0  startup.o(RESET)
    GPIOPortS_Handler                        0x0000029b   Thumb Code     0  startup.o(RESET)
    Hibernate_Handler                        0x0000029b   Thumb Code     0  startup.o(RESET)
    I2C0_Handler                             0x0000029b   Thumb Code     0  startup.o(RESET)
    I2C1_Handler                             0x0000029b   Thumb Code     0  startup.o(RESET)
    I2C2_Handler                             0x0000029b   Thumb Code     0  startup.o(RESET)
    I2C3_Handler                             0x0000029b   Thumb Code     0  startup.o(RESET)
    I2C4_Handler                             0x0000029b   Thumb Code     0  startup.o(RESET)
    I2C5_Handler                             0x0000029b   Thumb Code     0  startup.o(RESET)
    I2S0_Handler                             0x0000029b   Thumb Code     0  startup.o(RESET)
    LPC0_Handler                             0x0000029b   Thumb Code     0  startup.o(RESET)
    PECI0_Handler                            0x0000029b   Thumb Code     0  startup.o(RESET)
    PWM0Fault_Handler                        0x0000029b   Thumb Code     0  startup.o(RESET)
    PWM0Generator0_Handler                   0x0000029b   Thumb Code     0  startup.o(RESET)
    PWM0Generator1_Handler                   0x0000029b   Thumb Code     0  startup.o(RESET)
    PWM0Generator2_Handler                   0x0000029b   Thumb Code     0  startup.o(RESET)
    PWM0Generator3_Handler                   0x0000029b   Thumb Code     0  startup.o(RESET)
    PWM1Fault_Handler                        0x0000029b   Thumb Code     0  startup.o(RESET)
    PWM1Generator0_Handler                   0x0000029b   Thumb Code     0  startup.o(RESET)
    PWM1Generator1_Handler                   0x0000029b   Thumb Code     0  startup.o(RESET)
    PWM1Generator2_Handler                   0x0000029b   Thumb Code     0  startup.o(RESET)
    PWM1Generator3_Handler                   0x0000029b   Thumb Code     0  startup.o(RESET)
    Quadrature0_Handler                      0x0000029b   Thumb Code     0  startup.o(RESET)
    Quadrature1_Handler                      0x0000029b   Thumb Code     0  startup.o(RESET)
    Quadrature2_Handler                      0x0000029b   Thumb Code     0  startup.o(RESET)
    SSI0_Handler                             0x0000029b   Thumb Code     0  startup.o(RESET)
    SSI1_Handler                             0x0000029b   Thumb Code     0  startup.o(RESET)
    SSI2_Handler                             0x0000029b   Thumb Code     0  startup.o(RESET)
    SSI3_Handler                             0x0000029b   Thumb Code     0  startup.o(RESET)
    SysCtl_Handler                           0x0000029b   Thumb Code     0  startup.o(RESET)
    Timer0B_Handler                          0x0000029b   Thumb Code     0  startup.o(RESET)
    Timer1A_Handler                          0x0000029b   Thumb Code     0  startup.o(RESET)
    Timer1B_Handler                          0x0000029b   Thumb Code     0  startup.o(RESET)
    Timer2A_Handler                          0x0000029b   Thumb Code     0  startup.o(RESET)
    Timer2B_Handler                          0x0000029b   Thumb Code     0  startup.o(RESET)
    Timer3A_Handler                          0x0000029b   Thumb Code     0  startup.o(RESET)
    Timer3B_Handler                          0x0000029b   Thumb Code     0  startup.o(RESET)
    Timer4A_Handler                          0x0000029b   Thumb Code     0  startup.o(RESET)
    Timer4B_Handler                          0x0000029b   Thumb Code     0  startup.o(RESET)
    Timer5A_Handler                          0x0000029b   Thumb Code     0  startup.o(RESET)
    Timer5B_Handler                          0x0000029b   Thumb Code     0  startup.o(RESET)
    UART0_Handler                            0x0000029b   Thumb Code     0  startup.o(RESET)
    UART1_Handler                            0x0000029b   Thumb Code     0  startup.o(RESET)
    UART2_Handler                            0x0000029b   Thumb Code     0  startup.o(RESET)
    UART3_Handler                            0x0000029b   Thumb Code     0  startup.o(RESET)
    UART4_Handler                            0x0000029b   Thumb Code     0  startup.o(RESET)
    UART5_Handler                            0x0000029b   Thumb Code     0  startup.o(RESET)
    UART6_Handler                            0x0000029b   Thumb Code     0  startup.o(RESET)
    UART7_Handler                            0x0000029b   Thumb Code     0  startup.o(RESET)
    USB0_Handler                             0x0000029b   Thumb Code     0  startup.o(RESET)
    WDT_Handler                              0x0000029b   Thumb Code     0  startup.o(RESET)
    WideTimer0A_Handler                      0x0000029b   Thumb Code     0  startup.o(RESET)
    WideTimer0B_Handler                      0x0000029b   Thumb Code     0  startup.o(RESET)
    WideTimer1A_Handler                      0x0000029b   Thumb Code     0  startup.o(RESET)
    WideTimer1B_Handler                      0x0000029b   Thumb Code     0  startup.o(RESET)
    WideTimer2A_Handler                      0x0000029b   Thumb Code     0  startup.o(RESET)
    WideTimer2B_Handler                      0x0000029b   Thumb Code     0  startup.o(RESET)
    WideTimer3A_Handler                      0x0000029b   Thumb Code     0  startup.o(RESET)
    WideTimer3B_Handler                      0x0000029b   Thumb Code     0  startup.o(RESET)
    WideTimer4A_Handler                      0x0000029b   Thumb Code     0  startup.o(RESET)
    WideTimer4B_Handler                      0x0000029b   Thumb Code     0  startup.o(RESET)
    WideTimer5A_Handler                      0x0000029b   Thumb Code     0  startup.o(RESET)
    WideTimer5B_Handler                      0x0000029b   Thumb Code     0  startup.o(RESET)
    uDMA_Error                               0x0000029b   Thumb Code     0  startup.o(RESET)
    uDMA_Handler                             0x0000029b   Thumb Code     0  startup.o(RESET)
    OutChar                                  0x0000029d   Thumb Code     0  outchar.o(.text)
    OutStr                                   0x00000379   Thumb Code     0  outstr.o(.text)
    __use_two_region_memory                  0x00000465   Thumb Code     2  heapauxi.o(.text)
    __rt_heap_escrow$2region                 0x00000467   Thumb Code     2  heapauxi.o(.text)
    __rt_heap_expand$2region                 0x00000469   Thumb Code     2  heapauxi.o(.text)
    arm_bitreversal_16                       0x0000046d   Thumb Code    82  transformfunctions.o(.text.arm_bitreversal_16)
    arm_cfft_q15                             0x000004c1   Thumb Code   214  transformfunctions.o(.text.arm_cfft_q15)
    arm_cfft_radix4by2_inverse_q15           0x00000599   Thumb Code   174  transformfunctions.o(.text.arm_cfft_radix4by2_inverse_q15)
    arm_cfft_radix4by2_q15                   0x00000649   Thumb Code   174  transformfunctions.o(.text.arm_cfft_radix4by2_q15)
    arm_cmplx_mag_squared_q15                0x000006f9   Thumb Code    34  complexmathfunctions.o(.text.arm_cmplx_mag_squared_q15)
    arm_max_q15                              0x0000071d   Thumb Code    48  statisticsfunctions.o(.text.arm_max_q15)
    arm_radix4_butterfly_inverse_q15         0x0000074d   Thumb Code   590  transformfunctions.o(.text.arm_radix4_butterfly_inverse_q15)
    arm_radix4_butterfly_q15                 0x0000099d   Thumb Code   590  transformfunctions.o(.text.arm_radix4_butterfly_q15)
    ADC0Seq0_Handler                         0x00000bed   Thumb Code    64  adc0seq0_handler.o(ADC0Seq0_Handler_Code)
    ADC0Seq3_Handler                         0x00000c41   Thumb Code    70  adc0seq3_handler.o(ADC0Seq3_Handler_Code)
    DEBOUNCE_K                               0x00000c9d   Thumb Code    36  debounce_k.o(DEBOUNCE_K_CODE)
    DigitExtractor                           0x00000cc5   Thumb Code    66  digitextractor.o(DigitExtractorArea)
    Divide                                   0x00000d09   Thumb Code    28  divide.o(DivideA)
    Handle_ADC0SS3_DSP                       0x00000d25   Thumb Code   150  handle_adc0ss3_dsp.o(Handle_ADC0SS3_DSP_CODE)
    Handle_KeyPad                            0x00000ddd   Thumb Code    72  handle_keypad.o(Handle_KeyPad_CODE)
    Handle_Switches                          0x00000e31   Thumb Code    26  handle_switches.o(Handle_Switches_CODE)
    INIT_ADC0                                0x00000e55   Thumb Code   126  init_adc0.o(INIT_ADC0_CODE)
    INIT_GPIOA                               0x00000f09   Thumb Code    58  init_gpio_a.o(INIT_GPIOA_CODE)
    INIT_GPIOB                               0x00000f5d   Thumb Code    66  init_gpio_b.o(INIT_GPIOB_CODE)
    INIT_GPIOD                               0x00000fbd   Thumb Code   116  init_gpio_d.o(INIT_GPIOD_CODE)
    INIT_GPIOE                               0x00001065   Thumb Code    74  init_gpio_e.o(INIT_GPIOE_CODE)
    INIT_GPIOF                               0x000010d1   Thumb Code    80  init_gpio_f.o(INIT_GPIOF_CODE)
    INIT_Nokia5110                           0x00001149   Thumb Code   114  init_nokia5110.o(INIT_Nokia5110_CODE)
    INIT_SPI3                                0x000011c5   Thumb Code    58  init_spi3.o(INIT_SPI3_CODE)
    INIT_SysTick                             0x00001215   Thumb Code    44  init_systick.o(INIT_SysTick_Code)
    INIT_TIMER0                              0x00001251   Thumb Code   110  init_timer0.o(INIT_TIMER0_CODE)
    INPUT_THRESH                             0x000012ed   Thumb Code   124  input_thresh.o(INPUT_THRESH_CODE)
    INIT_SRAM                                0x00001375   Thumb Code   794  init_sram.o(Init_SRAM_Code)
    __main                                   0x000016e1   Thumb Code     4  main.o(MainCode)
    PRINT_KEY                                0x00001721   Thumb Code   166  printkey.o(PRINT_KEY_CODE)
    SET_LED_STS                              0x000017d9   Thumb Code    64  set_led_status.o(SET_LED_STS_CODE)
    SPI3_WRT_BYTE                            0x00001831   Thumb Code    58  spi3_writebyte.o(SPI3_WRT_BYTE_CODE)
    SysTick_Handler                          0x00001879   Thumb Code    52  systick_handler.o(SysTickHandlerCode)
    Timer0A_Handler                          0x000018b9   Thumb Code    96  timer0a_handler.o(Timer0A_Handler_Code)
    UPDATE_FLAGS                             0x00001939   Thumb Code    38  update_flags.o(UPDATE_FLAGS_Code)
    UPDATE_SCREEN                            0x00001965   Thumb Code   112  update_screen.o(UPDATE_SCREEN_CODE)
    UPDATE_THRESH_SCREEN                     0x000019e5   Thumb Code    84  update_thresh_screen.o(UPDATE_THRESH_SCREEN_CODE)
    UPD_LED_STS                              0x00001a4d   Thumb Code    52  update_led_status.o(UPD_LED_STS_CODE)
    armBitRevIndexTable_fixed_256            0x00001a88   Data         480  commontables.o(.rodata.armBitRevIndexTable_fixed_256)
    arm_cfft_sR_q15_len256                   0x00001c68   Data          16  commontables.o(.rodata.arm_cfft_sR_q15_len256)
    twiddleCoef_256_q15                      0x00001c78   Data         768  commontables.o(.rodata.twiddleCoef_256_q15)
    FONT6x8                                  0x00001f78   Data         576  font6x8.o(FONT6x8_DATA)
    SET_THRSH_MSG                            0x000021e2   Data          30  printkey.o(PRINT_KEY_MSGS)
    THRESH_AMP                               0x20000000   Data           2  adc0seq0_handler.o(ADC0SS0_SAMPLE_DATA)
    ADC0SS3_DATA                             0x20000004   Data        1024  adc0seq3_handler.o(ADC0SS3_SAMPLE_DATA)
    ADC0SS3_FFT                              0x20000404   Data         512  adc0seq3_handler.o(ADC0SS3_SAMPLE_DATA)
    ADC0SS3_SIZE                             0x20000604   Data           1  adc0seq3_handler.o(ADC0SS3_SAMPLE_DATA)
    ADC0SS3_DT_RDY_F                         0x20000605   Data           1  adc0seq3_handler.o(ADC0SS3_SAMPLE_DATA)
    ADC0SS3_FFT_MAX                          0x20000606   Data           2  adc0seq3_handler.o(ADC0SS3_SAMPLE_DATA)
    ADC0SS3_FFT_MAX_ID                       0x20000608   Data           4  adc0seq3_handler.o(ADC0SS3_SAMPLE_DATA)
    FLAGS                                    0x2000060c   Data           1  main.o(CNTRL_FLAGS)
    COL_DATA                                 0x20000610   Data           4  handle_keypad.o(KeyPad_Data)
    COLM_CNTR                                0x20000614   Data           1  handle_keypad.o(KeyPad_Data)
    KeyPattern                               0x20000618   Data          16  printkey.o(PRINT_KEY_DATA)
    THRESH_IN_FLG                            0x20000628   Data           1  printkey.o(PRINT_KEY_DATA)
    THRESH_NMBR_CNT                          0x20000629   Data           1  printkey.o(PRINT_KEY_DATA)
    THRESH_NMBR                              0x2000062a   Data           3  printkey.o(PRINT_KEY_DATA)
    NMBR                                     0x20000630   Data           8  print_adc0ss3data.o(Print_ADC0SS3Data_VARS)
    SCREEN_DATA                              0x20000638   Data          84  screenmemory.o(SCREEN_MEM)
    SW_DATA                                  0x20000a90   Data           1  handle_switches.o(SW_Data)
    UPDATE_SCRN_C                            0x20000a94   Data           2  update_screen.o(UPDATE_SCREEN_DATA)
    UPDATE_SCRN_F                            0x20000a96   Data           1  update_screen.o(UPDATE_SCREEN_DATA)
    THRESH2                                  0x20000a98   Data           1  update_thresh_screen.o(UPDATE_THRESH_SCREEN_DATA)
    THRESH3                                  0x20000a99   Data           1  update_thresh_screen.o(UPDATE_THRESH_SCREEN_DATA)



==============================================================================

Memory Map of the image

  Image Entry point : 0x0000026d

  Load Region LR_1 (Base: 0x00000000, Size: 0x00002c9c, Max: 0xffffffff, ABSOLUTE)

    Execution Region ER_RO (Exec base: 0x00000000, Load base: 0x00000000, Size: 0x00002200, Max: 0xffffffff, ABSOLUTE)

    Exec Addr    Load Addr    Size         Type   Attr      Idx    E Section Name        Object

    0x00000000   0x00000000   0x0000029c   Code   RO           23  * RESET               startup.o
    0x0000029c   0x0000029c   0x000000dc   Code   RO           30    .text               outchar.o
    0x00000378   0x00000378   0x000000ec   Code   RO          153    .text               outstr.o
    0x00000464   0x00000464   0x00000006   Code   RO         1727    .text               c_w.l(heapauxi.o)
    0x0000046a   0x0000046a   0x00000002   PAD
    0x0000046c   0x0000046c   0x00000052   Code   RO         1480    .text.arm_bitreversal_16  transformfunctions.o
    0x000004be   0x000004be   0x00000002   PAD
    0x000004c0   0x000004c0   0x000000d6   Code   RO         1496    .text.arm_cfft_q15  transformfunctions.o
    0x00000596   0x00000596   0x00000002   PAD
    0x00000598   0x00000598   0x000000ae   Code   RO         1500    .text.arm_cfft_radix4by2_inverse_q15  transformfunctions.o
    0x00000646   0x00000646   0x00000002   PAD
    0x00000648   0x00000648   0x000000ae   Code   RO         1504    .text.arm_cfft_radix4by2_q15  transformfunctions.o
    0x000006f6   0x000006f6   0x00000002   PAD
    0x000006f8   0x000006f8   0x00000022   Code   RO          558    .text.arm_cmplx_mag_squared_q15  complexmathfunctions.o
    0x0000071a   0x0000071a   0x00000002   PAD
    0x0000071c   0x0000071c   0x00000030   Code   RO         1252    .text.arm_max_q15   statisticsfunctions.o
    0x0000074c   0x0000074c   0x0000024e   Code   RO         1498    .text.arm_radix4_butterfly_inverse_q15  transformfunctions.o
    0x0000099a   0x0000099a   0x00000002   PAD
    0x0000099c   0x0000099c   0x0000024e   Code   RO         1502    .text.arm_radix4_butterfly_q15  transformfunctions.o
    0x00000bea   0x00000bea   0x00000002   PAD
    0x00000bec   0x00000bec   0x00000054   Code   RO           80    ADC0Seq0_Handler_Code  adc0seq0_handler.o
    0x00000c40   0x00000c40   0x0000005c   Code   RO           85    ADC0Seq3_Handler_Code  adc0seq3_handler.o
    0x00000c9c   0x00000c9c   0x00000028   Code   RO           43    DEBOUNCE_K_CODE     debounce_k.o
    0x00000cc4   0x00000cc4   0x00000044   Code   RO          145    DigitExtractorArea  digitextractor.o
    0x00000d08   0x00000d08   0x0000001c   Code   RO          149    DivideA             divide.o
    0x00000d24   0x00000d24   0x000000b8   Code   RO           17    Handle_ADC0SS3_DSP_CODE  handle_adc0ss3_dsp.o
    0x00000ddc   0x00000ddc   0x00000054   Code   RO            8    Handle_KeyPad_CODE  handle_keypad.o
    0x00000e30   0x00000e30   0x00000024   Code   RO           13    Handle_Switches_CODE  handle_switches.o
    0x00000e54   0x00000e54   0x000000b4   Code   RO          133    INIT_ADC0_CODE      init_adc0.o
    0x00000f08   0x00000f08   0x00000054   Code   RO           97    INIT_GPIOA_CODE     init_gpio_a.o
    0x00000f5c   0x00000f5c   0x00000060   Code   RO          101    INIT_GPIOB_CODE     init_gpio_b.o
    0x00000fbc   0x00000fbc   0x000000a8   Code   RO          105    INIT_GPIOD_CODE     init_gpio_d.o
    0x00001064   0x00001064   0x0000006c   Code   RO          109    INIT_GPIOE_CODE     init_gpio_e.o
    0x000010d0   0x000010d0   0x00000078   Code   RO          113    INIT_GPIOF_CODE     init_gpio_f.o
    0x00001148   0x00001148   0x0000007c   Code   RO          137    INIT_Nokia5110_CODE  init_nokia5110.o
    0x000011c4   0x000011c4   0x00000050   Code   RO          129    INIT_SPI3_CODE      init_spi3.o
    0x00001214   0x00001214   0x0000003c   Code   RO          125    INIT_SysTick_Code   init_systick.o
    0x00001250   0x00001250   0x0000009c   Code   RO          121    INIT_TIMER0_CODE    init_timer0.o
    0x000012ec   0x000012ec   0x00000088   Code   RO           70    INPUT_THRESH_CODE   input_thresh.o
    0x00001374   0x00001374   0x0000036c   Code   RO          117    Init_SRAM_Code      init_sram.o
    0x000016e0   0x000016e0   0x00000040   Code   RO            2    MainCode            main.o
    0x00001720   0x00001720   0x000000b8   Code   RO           39    PRINT_KEY_CODE      printkey.o
    0x000017d8   0x000017d8   0x00000058   Code   RO           66    SET_LED_STS_CODE    set_led_status.o
    0x00001830   0x00001830   0x00000048   Code   RO           51    SPI3_WRT_BYTE_CODE  spi3_writebyte.o
    0x00001878   0x00001878   0x00000040   Code   RO           89    SysTickHandlerCode  systick_handler.o
    0x000018b8   0x000018b8   0x00000080   Code   RO           93    Timer0A_Handler_Code  timer0a_handler.o
    0x00001938   0x00001938   0x0000002c   Code   RO           33    UPDATE_FLAGS_Code   update_flags.o
    0x00001964   0x00001964   0x00000080   Code   RO           58    UPDATE_SCREEN_CODE  update_screen.o
    0x000019e4   0x000019e4   0x00000068   Code   RO           75    UPDATE_THRESH_SCREEN_CODE  update_thresh_screen.o
    0x00001a4c   0x00001a4c   0x0000003c   Code   RO           62    UPD_LED_STS_CODE    update_led_status.o
    0x00001a88   0x00001a88   0x000001e0   Data   RO          376    .rodata.armBitRevIndexTable_fixed_256  commontables.o
    0x00001c68   0x00001c68   0x00000010   Data   RO          463    .rodata.arm_cfft_sR_q15_len256  commontables.o
    0x00001c78   0x00001c78   0x00000300   Data   RO          349    .rodata.twiddleCoef_256_q15  commontables.o
    0x00001f78   0x00001f78   0x00000240   Data   RO           56    FONT6x8_DATA        font6x8.o
    0x000021b8   0x000021b8   0x00000048   Data   RO           37    PRINT_KEY_MSGS      printkey.o


    Execution Region ER_RW (Exec base: 0x20000000, Load base: 0x00002200, Size: 0x00000a9c, Max: 0xffffffff, ABSOLUTE)

    Exec Addr    Load Addr    Size         Type   Attr      Idx    E Section Name        Object

    0x20000000   0x00002200   0x00000002   Data   RW           79    ADC0SS0_SAMPLE_DATA  adc0seq0_handler.o
    0x20000002   0x00002202   0x00000002   PAD
    0x20000004   0x00002204   0x00000608   Data   RW           84    ADC0SS3_SAMPLE_DATA  adc0seq3_handler.o
    0x2000060c   0x0000280c   0x00000001   Data   RW            1    CNTRL_FLAGS         main.o
    0x2000060d   0x0000280d   0x00000003   PAD
    0x20000610   0x00002810   0x00000005   Data   RW            7    KeyPad_Data         handle_keypad.o
    0x20000615   0x00002815   0x00000003   PAD
    0x20000618   0x00002818   0x00000015   Data   RW           38    PRINT_KEY_DATA      printkey.o
    0x2000062d   0x0000282d   0x00000003   PAD
    0x20000630   0x00002830   0x00000008   Data   RW          157    Print_ADC0SS3Data_VARS  print_adc0ss3data.o
    0x20000638   0x00002838   0x00000054   Data   RW           55    SCREEN_MEM          screenmemory.o
    0x2000068c   0x0000288c   0x00000004   PAD
    0x20000690   0x00002890   0x00000400   Data   RW           21    STACK               startup.o
    0x20000a90   0x00002c90   0x00000001   Data   RW           12    SW_Data             handle_switches.o
    0x20000a91   0x00002c91   0x00000003   PAD
    0x20000a94   0x00002c94   0x00000003   Data   RW           57    UPDATE_SCREEN_DATA  update_screen.o
    0x20000a97   0x00002c97   0x00000001   PAD
    0x20000a98   0x00002c98   0x00000002   Data   RW           74    UPDATE_THRESH_SCREEN_DATA  update_thresh_screen.o


    Execution Region ER_ZI (Exec base: 0x20000a9c, Load base: 0x00002c9c, Size: 0x00000000, Max: 0xffffffff, ABSOLUTE)

    **** No section assigned to this execution region ****


==============================================================================

Image component sizes


      Code (inc. data)   RO Data    RW Data    ZI Data      Debug   Object Name

        84         20          0          2          0        352   adc0seq0_handler.o
        92         22          0       1544          0        356   adc0seq3_handler.o
         0          0       1264          0          0      10572   commontables.o
        34          0          0          0          0      10716   complexmathfunctions.o
        40          4          0          0          0        328   debounce_k.o
        68          2          0          0          0        364   digitextractor.o
        28          0          0          0          0        328   divide.o
         0          0        576          0          0          0   font6x8.o
       184         34          0          0          0        388   handle_adc0ss3_dsp.o
        84         12          0          5          0        348   handle_keypad.o
        36         10          0          1          0        340   handle_switches.o
       180         54          0          0          0        360   init_adc0.o
        84         26          0          0          0        340   init_gpio_a.o
        96         30          0          0          0        344   init_gpio_b.o
       168         52          0          0          0        364   init_gpio_d.o
       108         34          0          0          0        348   init_gpio_e.o
       120         40          0          0          0        348   init_gpio_f.o
       124         10          0          0          0        364   init_nokia5110.o
        80         22          0          0          0        336   init_spi3.o
       876         82          0          0          0        528   init_sram.o
        60         16          0          0          0        336   init_systick.o
       156         46          0          0          0        360   init_timer0.o
       136         12          0          0          0        364   input_thresh.o
        64          0          0          1          0        216   main.o
       220         52          0          0          0        248   outchar.o
       236         54          0          0          0        268   outstr.o
         0          0          0          8          0          0   print_adc0ss3data.o
       184         18         72         21          0        368   printkey.o
         0          0          0         84          0          0   screenmemory.o
        88         24          0          0          0        352   set_led_status.o
        72         14          0          0          0        348   spi3_writebyte.o
       668        620          0       1024          0        716   startup.o
        48          0          0          0          0      24604   statisticsfunctions.o
        64         12          0          0          0        352   systick_handler.o
       128         32          0          0          0        368   timer0a_handler.o
      1824          0          0          0          0      90270   transformfunctions.o
        44          6          0          0          0        332   update_flags.o
        60          8          0          0          0        344   update_led_status.o
       128         16          0          3          0        364   update_screen.o
       104         20          0          2          0        372   update_thresh_screen.o

    ----------------------------------------------------------------------
      6784       1404       1912       2716          0     148006   Object Totals
         0          0          0          0          0          0   (incl. Generated)
        14          0          0         21          0          0   (incl. Padding)

    ----------------------------------------------------------------------

      Code (inc. data)   RO Data    RW Data    ZI Data      Debug   Library Member Name

         6          0          0          0          0        152   heapauxi.o

    ----------------------------------------------------------------------
         8          0          0          0          0        152   Library Totals
         2          0          0          0          0          0   (incl. Padding)

    ----------------------------------------------------------------------

      Code (inc. data)   RO Data    RW Data    ZI Data      Debug   Library Name

         6          0          0          0          0        152   c_w.l

    ----------------------------------------------------------------------
         8          0          0          0          0        152   Library Totals

    ----------------------------------------------------------------------

==============================================================================


      Code (inc. data)   RO Data    RW Data    ZI Data      Debug   

      6792       1404       1912       2716          0     145218   Grand Totals
      6792       1404       1912       2716          0     145218   ELF Image Totals
      6792       1404       1912       2716          0          0   ROM Totals

==============================================================================

    Total RO  Size (Code + RO Data)                 8704 (   8.50kB)
    Total RW  Size (RW Data + ZI Data)              2716 (   2.65kB)
    Total ROM Size (Code + RO Data + RW Data)      11420 (  11.15kB)

==============================================================================

